<html>
<body>
<pre>
<h1>µVision Build Log</h1>
<h2>Tool Versions:</h2>
IDE-Version: µVision V5.42.0.0
Copyright (C) 2025 ARM Ltd and ARM Germany GmbH. All rights reserved.
License Information: ffff Tran, wd, LIC=VGXG8-3I9RD-UHT8H-W2LUH-GN90Q-CXA05
 
Tool Versions:
Toolchain:       MDK-ARM Plus  Version: 5.42.0.0
Toolchain Path:  D:\APP\Keil_v5\ARM\ARMCLANG\Bin
C Compiler:      ArmClang.exe V6.23
Assembler:       Armasm.exe V6.23
Linker/Locator:  ArmLink.exe V6.23
Library Manager: ArmAr.exe V6.23
Hex Converter:   FromElf.exe V6.23
CPU DLL:         SARMCM3.DLL V5.42.0.0
Dialog DLL:      DARMCM1.DLL V1.19.6.0
Target DLL:      SNLINK\SNLINK.dll V1.0.0.4
Dialog DLL:      TARMCM1.DLL V1.14.6.0
 
<h2>Project:</h2>
D:\User\CODE_MCU\MCU_V2\MCU_V2.uvprojx
Project File Date:  07/19/2025

<h2>Output:</h2>
*** Using Compiler 'V6.23', folder: 'D:\APP\Keil_v5\ARM\ARMCLANG\Bin'
Rebuild target 'Target 1'
compiling GPIO.c...
compiling WDT.c...
compiling main.c...
compiling CT16B0.c...
compiling Utility.c...
compiling CT16B1.c...
compiling Buzzer.c...
compiling CT16B5.c...
compiling KeyScan.c...
assembling startup_SN32F400.s...
compiling Segment.c...
compiling main_task.c...
compiling system_SN32F400.c...
linking...
Program Size: Code=3302 RO-data=242 RW-data=4 ZI-data=652  
".\Objects\MCU_V2.axf" - 0 Error(s), 0 Warning(s).

<h2>Software Packages used:</h2>

Package Vendor: ARM
                https://www.keil.com/pack/ARM.CMSIS.6.1.0.pack
                ARM::CMSIS@6.1.0
                CMSIS (Common Microcontroller Software Interface Standard)
   * Component: CORE Version: 6.1.0

Package Vendor: SONiX
                https://liveupdate.sonix.com.tw/sonix/develop_tool/MCU/DFP/SONiX.SN32F4_DFP.1.0.1.pack
                SONiX::SN32F4_DFP@1.0.1
                SONiX SN32F4 Series Device Support and Examples
   * Component: Startup Version: 1.0.1

<h2>Collection of Component include folders:</h2>
  ./RTE/_Target_1
  D:/APP/Keil_v5/ARM/Packs/ARM/CMSIS/6.1.0/CMSIS/Core/Include
  D:/APP/Keil_v5/ARM/Packs/SONiX/SN32F4_DFP/1.0.1/Device/Include

<h2>Collection of Component Files used:</h2>

   * Component: ARM::CMSIS:CORE@6.1.0

   * Component: SONiX::Device:Startup@1.0.1
      Source file:   Device/Source/system_SN32F400.c
      Source file:   Device/Source/ARM/startup_SN32F400.s
Build Time Elapsed:  00:00:03
</pre>
</body>
</html>
