<html>
<body>
<pre>
<h1>µVision Build Log</h1>
<h2>Tool Versions:</h2>
IDE-Version: µVision V5.38.0.0
Copyright (C) 2022 ARM Ltd and ARM Germany GmbH. All rights reserved.
License Information: Luan Nghieu, UTE, LIC=----
 
Tool Versions:
Toolchain:       MDK-Lite  Version: 5.31.0.0
Toolchain Path:  D:\KeilC\ARM\ARMCLANG\Bin
C Compiler:      ArmClang.exe V6.14
Assembler:       Armasm.exe V6.14
Linker/Locator:  ArmLink.exe V6.14
Library Manager: ArmAr.exe V6.14
Hex Converter:   FromElf.exe V6.14
CPU DLL:         SARMCM3.DLL V5.31.0.0
Dialog DLL:      DARMCM1.DLL V1.19.3.0
Target DLL:      SNLINK\SNLINK.dll V1.0.0.4
Dialog DLL:      TARMCM1.DLL V1.14.2.0
 
<h2>Project:</h2>
C:\Users\HP\.vscode\MCU\MCU_V2.uvprojx
Project File Date:  07/22/2025

<h2>Output:</h2>
*** Using Compiler 'V6.14', folder: 'D:\KeilC\ARM\ARMCLANG\Bin'
Rebuild target 'Target 1'
compiling Utility.c...
compiling CT16B5.c...
compiling main.c...
compiling CT16B0.c...
compiling SPI0.c...
compiling WDT.c...
compiling PFPA.c...
compiling CT16B1.c...
compiling GPIO.c...
compiling Buzzer.c...
assembling startup_SN32F400.s...
compiling Segment.c...
compiling KeyScan.c...
compiling sst_flash.c...
compiling system_SN32F400.c...
compiling main_task.c...
linking...
Program Size: Code=4746 RO-data=242 RW-data=8 ZI-data=664  
".\Objects\MCU_V2.axf" - 0 Error(s), 0 Warning(s).

<h2>Software Packages used:</h2>

Package Vendor: ARM
                http://www.keil.com/pack/ARM.CMSIS.5.7.0.pack
                ARM.CMSIS.5.7.0
                CMSIS (Cortex Microcontroller Software Interface Standard)
   * Component: CORE Version: 5.4.0

Package Vendor: SONiX
                https://liveupdate.sonix.com.tw/sonix/develop_tool/MCU/DFP/SONiX.SN32F4_DFP.1.0.1.pack
                SONiX.SN32F4_DFP.1.0.1
                SONiX SN32F4 Series Device Support and Examples
   * Component: Startup Version: 1.0.1

<h2>Collection of Component include folders:</h2>
  ./RTE/_Target_1
  D:/KeilC/ARM/CMSIS/5.7.0/CMSIS/Core/Include
  D:/KeilC/SONiX/SN32F4_DFP/1.0.1/Device/Include

<h2>Collection of Component Files used:</h2>

   * Component: ARM::CMSIS:CORE:5.4.0

   * Component: SONiX::Device:Startup:1.0.1
      Source file:   Device/Source/ARM/startup_SN32F400.s
      Source file:   Device/Source/system_SN32F400.c
Build Time Elapsed:  00:00:01
</pre>
</body>
</html>
