Component: ARM Compiler 6.14 Tool: armlink [5db06800]

==============================================================================

Section Cross References

    main.o(.text.main) refers to system_sn32f400.o(.text.SystemInit) for SystemInit
    main.o(.text.main) refers to system_sn32f400.o(.text.SystemCoreClockUpdate) for SystemCoreClockUpdate
    main.o(.text.main) refers to pfpa.o(.text.PFPA_Init) for PFPA_Init
    main.o(.text.main) refers to gpio.o(.text.GPIO_Init) for GPIO_Init
    main.o(.text.main) refers to wdt.o(.text.WDT_Init) for WDT_Init
    main.o(.text.main) refers to spi0.o(.text.SPI0_Init) for SPI0_Init
    main.o(.text.main) refers to ct16b0.o(.text.CT16B0_Init) for CT16B0_Init
    main.o(.text.main) refers to ct16b1.o(.text.CT16B1_Init) for CT16B1_Init
    main.o(.text.main) refers to ct16b5.o(.text.CT16B5_Init) for CT16B5_Init
    main.o(.text.main) refers to main_task.o(.text.main_task_init) for main_task_init
    main.o(.text.main) refers to main_task.o(.text.main_task_run) for main_task_run
    main.o(.ARM.exidx.text.main) refers to main.o(.text.main) for [Anonymous Symbol]
    main.o(.ARM.exidx.text.NotPinOut_GPIO_init) refers to main.o(.text.NotPinOut_GPIO_init) for [Anonymous Symbol]
    main.o(.text.HardFault_Handler) refers to main.o(.text.__NVIC_SystemReset) for __NVIC_SystemReset
    main.o(.ARM.exidx.text.HardFault_Handler) refers to main.o(.text.HardFault_Handler) for [Anonymous Symbol]
    main.o(.ARM.exidx.text.__NVIC_SystemReset) refers to main.o(.text.__NVIC_SystemReset) for [Anonymous Symbol]
    gpio.o(.ARM.exidx.text.GPIO_Init) refers to gpio.o(.text.GPIO_Init) for [Anonymous Symbol]
    gpio.o(.ARM.exidx.text.P0_IRQHandler) refers to gpio.o(.text.P0_IRQHandler) for [Anonymous Symbol]
    gpio.o(.ARM.exidx.text.P1_IRQHandler) refers to gpio.o(.text.P1_IRQHandler) for [Anonymous Symbol]
    gpio.o(.ARM.exidx.text.P2_IRQHandler) refers to gpio.o(.text.P2_IRQHandler) for [Anonymous Symbol]
    gpio.o(.ARM.exidx.text.P3_IRQHandler) refers to gpio.o(.text.P3_IRQHandler) for [Anonymous Symbol]
    wdt.o(.ARM.exidx.text.WDT_IRQHandler) refers to wdt.o(.text.WDT_IRQHandler) for [Anonymous Symbol]
    wdt.o(.text.WDT_Init) refers to wdt.o(.text.WDT_ReloadValue) for WDT_ReloadValue
    wdt.o(.ARM.exidx.text.WDT_Init) refers to wdt.o(.text.WDT_Init) for [Anonymous Symbol]
    wdt.o(.ARM.exidx.text.WDT_ReloadValue) refers to wdt.o(.text.WDT_ReloadValue) for [Anonymous Symbol]
    wdt.o(.text.WDT_NvicEnable) refers to wdt.o(.text.__NVIC_ClearPendingIRQ) for __NVIC_ClearPendingIRQ
    wdt.o(.text.WDT_NvicEnable) refers to wdt.o(.text.__NVIC_EnableIRQ) for __NVIC_EnableIRQ
    wdt.o(.text.WDT_NvicEnable) refers to wdt.o(.text.__NVIC_SetPriority) for __NVIC_SetPriority
    wdt.o(.ARM.exidx.text.WDT_NvicEnable) refers to wdt.o(.text.WDT_NvicEnable) for [Anonymous Symbol]
    wdt.o(.ARM.exidx.text.__NVIC_ClearPendingIRQ) refers to wdt.o(.text.__NVIC_ClearPendingIRQ) for [Anonymous Symbol]
    wdt.o(.ARM.exidx.text.__NVIC_EnableIRQ) refers to wdt.o(.text.__NVIC_EnableIRQ) for [Anonymous Symbol]
    wdt.o(.ARM.exidx.text.__NVIC_SetPriority) refers to wdt.o(.text.__NVIC_SetPriority) for [Anonymous Symbol]
    wdt.o(.text.WDT_NvicDisable) refers to wdt.o(.text.__NVIC_DisableIRQ) for __NVIC_DisableIRQ
    wdt.o(.ARM.exidx.text.WDT_NvicDisable) refers to wdt.o(.text.WDT_NvicDisable) for [Anonymous Symbol]
    wdt.o(.ARM.exidx.text.__NVIC_DisableIRQ) refers to wdt.o(.text.__NVIC_DisableIRQ) for [Anonymous Symbol]
    ct16b0.o(.ARM.exidx.text.CT16B0_IRQHandler) refers to ct16b0.o(.text.CT16B0_IRQHandler) for [Anonymous Symbol]
    ct16b0.o(.ARM.exidx.text.CT16B0_Init) refers to ct16b0.o(.text.CT16B0_Init) for [Anonymous Symbol]
    ct16b0.o(.text.CT16B0_NvicEnable) refers to ct16b0.o(.text.__NVIC_ClearPendingIRQ) for __NVIC_ClearPendingIRQ
    ct16b0.o(.text.CT16B0_NvicEnable) refers to ct16b0.o(.text.__NVIC_EnableIRQ) for __NVIC_EnableIRQ
    ct16b0.o(.ARM.exidx.text.CT16B0_NvicEnable) refers to ct16b0.o(.text.CT16B0_NvicEnable) for [Anonymous Symbol]
    ct16b0.o(.ARM.exidx.text.__NVIC_ClearPendingIRQ) refers to ct16b0.o(.text.__NVIC_ClearPendingIRQ) for [Anonymous Symbol]
    ct16b0.o(.ARM.exidx.text.__NVIC_EnableIRQ) refers to ct16b0.o(.text.__NVIC_EnableIRQ) for [Anonymous Symbol]
    ct16b0.o(.text.CT16B0_NvicDisable) refers to ct16b0.o(.text.__NVIC_DisableIRQ) for __NVIC_DisableIRQ
    ct16b0.o(.ARM.exidx.text.CT16B0_NvicDisable) refers to ct16b0.o(.text.CT16B0_NvicDisable) for [Anonymous Symbol]
    ct16b0.o(.ARM.exidx.text.__NVIC_DisableIRQ) refers to ct16b0.o(.text.__NVIC_DisableIRQ) for [Anonymous Symbol]
    ct16b1.o(.text.CT16B1_IRQHandler) refers to ct16b1.o(.bss.timer_repeat) for timer_repeat
    ct16b1.o(.text.CT16B1_IRQHandler) refers to ct16b1.o(.bss.timer_1s_flag) for timer_1s_flag
    ct16b1.o(.text.CT16B1_IRQHandler) refers to ct16b1.o(.bss.timer_1ms_flag) for timer_1ms_flag
[...]
    rtexit.o(.ARM.exidx) refers (Special) to rtexit2.o(.ARM.Collect$$rtexit$$00000003) for __rt_exit_ls
    rtexit.o(.ARM.exidx) refers (Special) to rtexit2.o(.ARM.Collect$$rtexit$$00000002) for __rt_exit_prels_1
    rtexit.o(.ARM.exidx) refers to rtexit.o(.ARM.Collect$$rtexit$$00000000) for .ARM.Collect$$rtexit$$00000000
    rt_raise.o(.text) refers to __raise.o(.text) for __raise
    rt_raise.o(.text) refers to sys_exit.o(.text) for _sys_exit
    defsig_exit.o(.text) refers to sys_exit.o(.text) for _sys_exit
    defsig_fpe_inner.o(.text) refers to defsig_general.o(.text) for __default_signal_display
    libinit2.o(.ARM.Collect$$libinit$$00000010) refers to libinit2.o(.ARM.Collect$$libinit$$0000000F) for .ARM.Collect$$libinit$$0000000F
    libinit2.o(.ARM.Collect$$libinit$$00000012) refers to libinit2.o(.ARM.Collect$$libinit$$0000000F) for .ARM.Collect$$libinit$$0000000F
    libinit2.o(.ARM.Collect$$libinit$$00000014) refers to libinit2.o(.ARM.Collect$$libinit$$0000000F) for .ARM.Collect$$libinit$$0000000F
    libinit2.o(.ARM.Collect$$libinit$$00000016) refers to libinit2.o(.ARM.Collect$$libinit$$0000000F) for .ARM.Collect$$libinit$$0000000F
    libinit2.o(.ARM.Collect$$libinit$$00000018) refers to libinit2.o(.ARM.Collect$$libinit$$0000000F) for .ARM.Collect$$libinit$$0000000F
    libinit2.o(.ARM.Collect$$libinit$$00000026) refers to argv_veneer.o(.text) for __ARM_argv_veneer
    libinit2.o(.ARM.Collect$$libinit$$00000027) refers to argv_veneer.o(.text) for __ARM_argv_veneer
    sys_exit.o(.text) refers (Special) to use_no_semi.o(.text) for __I$use$semihosting
    sys_exit.o(.text) refers (Special) to indicate_semi.o(.text) for __semihosting_library_function
    sys_exit_hlt.o(.text) refers (Special) to use_no_semi.o(.text) for __I$use$semihosting
    sys_exit_hlt.o(.text) refers (Special) to indicate_semi.o(.text) for __semihosting_library_function
    rtexit2.o(.ARM.Collect$$rtexit$$00000003) refers to libshutdown.o(.ARM.Collect$$libshutdown$$00000000) for __rt_lib_shutdown
    rtexit2.o(.ARM.Collect$$rtexit$$00000004) refers to sys_exit.o(.text) for _sys_exit
    rtexit2.o(.ARM.exidx) refers to rtexit2.o(.ARM.Collect$$rtexit$$00000001) for .ARM.Collect$$rtexit$$00000001
    rtexit2.o(.ARM.exidx) refers to rtexit2.o(.ARM.Collect$$rtexit$$00000003) for .ARM.Collect$$rtexit$$00000003
    rtexit2.o(.ARM.exidx) refers to rtexit2.o(.ARM.Collect$$rtexit$$00000004) for .ARM.Collect$$rtexit$$00000004
    __raise.o(.text) refers to defsig.o(CL$$defsig) for __default_signal_handler
    defsig_general.o(.text) refers to sys_wrch.o(.text) for _ttywrch
    sys_wrch.o(.text) refers (Special) to use_no_semi.o(.text) for __I$use$semihosting
    sys_wrch.o(.text) refers (Special) to indicate_semi.o(.text) for __semihosting_library_function
    sys_wrch_hlt.o(.text) refers (Special) to use_no_semi.o(.text) for __I$use$semihosting
    sys_wrch_hlt.o(.text) refers (Special) to indicate_semi.o(.text) for __semihosting_library_function
    defsig.o(CL$$defsig) refers to defsig_fpe_inner.o(.text) for __rt_SIGFPE_inner
    defsig.o(CL$$defsig) refers to defsig_rtmem_inner.o(.text) for __rt_SIGRTMEM_inner
    _get_argv_nomalloc.o(.text) refers (Special) to hrguard.o(.text) for __heap_region$guard
    _get_argv_nomalloc.o(.text) refers to defsig_rtmem_outer.o(.text) for __rt_SIGRTMEM
    _get_argv_nomalloc.o(.text) refers to sys_command.o(.text) for _sys_command_string
    libshutdown.o(.ARM.Collect$$libshutdown$$00000000) refers (Special) to libshutdown2.o(.ARM.Collect$$libshutdown$$00000002) for __rt_lib_shutdown_cpp_1
    libshutdown.o(.ARM.Collect$$libshutdown$$00000000) refers (Special) to libshutdown2.o(.ARM.Collect$$libshutdown$$00000007) for __rt_lib_shutdown_fp_trap_1
    libshutdown.o(.ARM.Collect$$libshutdown$$00000000) refers (Special) to libshutdown2.o(.ARM.Collect$$libshutdown$$0000000F) for __rt_lib_shutdown_heap_1
    libshutdown.o(.ARM.Collect$$libshutdown$$00000000) refers (Special) to libshutdown2.o(.ARM.Collect$$libshutdown$$00000010) for __rt_lib_shutdown_return
    libshutdown.o(.ARM.Collect$$libshutdown$$00000000) refers (Special) to libshutdown2.o(.ARM.Collect$$libshutdown$$0000000A) for __rt_lib_shutdown_signal_1
    libshutdown.o(.ARM.Collect$$libshutdown$$00000000) refers (Special) to libshutdown2.o(.ARM.Collect$$libshutdown$$00000004) for __rt_lib_shutdown_stdio_1
    libshutdown.o(.ARM.Collect$$libshutdown$$00000000) refers (Special) to libshutdown2.o(.ARM.Collect$$libshutdown$$0000000C) for __rt_lib_shutdown_user_alloc_1
    sys_command.o(.text) refers (Special) to use_no_semi.o(.text) for __I$use$semihosting
    sys_command.o(.text) refers (Special) to indicate_semi.o(.text) for __semihosting_library_function
    sys_command_hlt.o(.text) refers (Special) to use_no_semi.o(.text) for __I$use$semihosting
    sys_command_hlt.o(.text) refers (Special) to indicate_semi.o(.text) for __semihosting_library_function
    defsig_abrt_inner.o(.text) refers to defsig_general.o(.text) for __default_signal_display
    defsig_rtred_inner.o(.text) refers to defsig_general.o(.text) for __default_signal_display
    defsig_rtmem_inner.o(.text) refers to defsig_general.o(.text) for __default_signal_display
    defsig_rtmem_outer.o(.text) refers to defsig_rtmem_inner.o(.text) for __rt_SIGRTMEM_inner
    defsig_rtmem_outer.o(.text) refers to defsig_exit.o(.text) for __sig_exit
    defsig_rtmem_formal.o(.text) refers to rt_raise.o(.text) for __rt_raise
    defsig_stak_inner.o(.text) refers to defsig_general.o(.text) for __default_signal_display
    defsig_pvfn_inner.o(.text) refers to defsig_general.o(.text) for __default_signal_display
    defsig_cppl_inner.o(.text) refers to defsig_general.o(.text) for __default_signal_display
    defsig_segv_inner.o(.text) refers to defsig_general.o(.text) for __default_signal_display
    defsig_other.o(.text) refers to defsig_general.o(.text) for __default_signal_display


==============================================================================

Removing Unused input sections from the image.

    Removing main.o(.text), (0 bytes).
    Removing main.o(.ARM.exidx.text.main), (8 bytes).
    Removing main.o(.text.NotPinOut_GPIO_init), (2 bytes).
    Removing main.o(.ARM.exidx.text.NotPinOut_GPIO_init), (8 bytes).
    Removing main.o(.ARM.exidx.text.HardFault_Handler), (8 bytes).
    Removing main.o(.ARM.exidx.text.__NVIC_SystemReset), (8 bytes).
    Removing main.o(.ARM.use_no_argv), (4 bytes).
    Removing gpio.o(.text), (0 bytes).
    Removing gpio.o(.ARM.exidx.text.GPIO_Init), (8 bytes).
    Removing gpio.o(.ARM.exidx.text.P0_IRQHandler), (8 bytes).
    Removing gpio.o(.ARM.exidx.text.P1_IRQHandler), (8 bytes).
    Removing gpio.o(.ARM.exidx.text.P2_IRQHandler), (8 bytes).
    Removing gpio.o(.ARM.exidx.text.P3_IRQHandler), (8 bytes).
    Removing wdt.o(.text), (0 bytes).
    Removing wdt.o(.ARM.exidx.text.WDT_IRQHandler), (8 bytes).
    Removing wdt.o(.ARM.exidx.text.WDT_Init), (8 bytes).
    Removing wdt.o(.ARM.exidx.text.WDT_ReloadValue), (8 bytes).
    Removing wdt.o(.text.WDT_NvicEnable), (16 bytes).
    Removing wdt.o(.ARM.exidx.text.WDT_NvicEnable), (8 bytes).
    Removing wdt.o(.text.__NVIC_ClearPendingIRQ), (16 bytes).
    Removing wdt.o(.ARM.exidx.text.__NVIC_ClearPendingIRQ), (8 bytes).
    Removing wdt.o(.text.__NVIC_EnableIRQ), (16 bytes).
    Removing wdt.o(.ARM.exidx.text.__NVIC_EnableIRQ), (8 bytes).
    Removing wdt.o(.text.__NVIC_SetPriority), (20 bytes).
    Removing wdt.o(.ARM.exidx.text.__NVIC_SetPriority), (8 bytes).
    Removing wdt.o(.text.WDT_NvicDisable), (8 bytes).
    Removing wdt.o(.ARM.exidx.text.WDT_NvicDisable), (8 bytes).
    Removing wdt.o(.text.__NVIC_DisableIRQ), (24 bytes).
    Removing wdt.o(.ARM.exidx.text.__NVIC_DisableIRQ), (8 bytes).
    Removing ct16b0.o(.text), (0 bytes).
    Removing ct16b0.o(.ARM.exidx.text.CT16B0_IRQHandler), (8 bytes).
    Removing ct16b0.o(.ARM.exidx.text.CT16B0_Init), (8 bytes).
    Removing ct16b0.o(.text.CT16B0_NvicEnable), (12 bytes).
    Removing ct16b0.o(.ARM.exidx.text.CT16B0_NvicEnable), (8 bytes).
    Removing ct16b0.o(.text.__NVIC_ClearPendingIRQ), (16 bytes).
    Removing ct16b0.o(.ARM.exidx.text.__NVIC_ClearPendingIRQ), (8 bytes).
    Removing ct16b0.o(.text.__NVIC_EnableIRQ), (16 bytes).
    Removing ct16b0.o(.ARM.exidx.text.__NVIC_EnableIRQ), (8 bytes).
    Removing ct16b0.o(.text.CT16B0_NvicDisable), (8 bytes).
    Removing ct16b0.o(.ARM.exidx.text.CT16B0_NvicDisable), (8 bytes).
    Removing ct16b0.o(.text.__NVIC_DisableIRQ), (24 bytes).
    Removing ct16b0.o(.ARM.exidx.text.__NVIC_DisableIRQ), (8 bytes).
    Removing ct16b1.o(.text), (0 bytes).
    Removing ct16b1.o(.ARM.exidx.text.CT16B1_IRQHandler), (8 bytes).
    Removing ct16b1.o(.ARM.exidx.text.CT16B1_Init), (8 bytes).
    Removing ct16b1.o(.ARM.exidx.text.__NVIC_EnableIRQ), (8 bytes).
    Removing ct16b1.o(.text.CT16B1_NvicEnable), (12 bytes).
    Removing ct16b1.o(.ARM.exidx.text.CT16B1_NvicEnable), (8 bytes).
    Removing ct16b1.o(.text.__NVIC_ClearPendingIRQ), (16 bytes).
    Removing ct16b1.o(.ARM.exidx.text.__NVIC_ClearPendingIRQ), (8 bytes).
    Removing ct16b1.o(.text.CT16B1_NvicDisable), (8 bytes).
    Removing ct16b1.o(.ARM.exidx.text.CT16B1_NvicDisable), (8 bytes).
    Removing ct16b1.o(.text.__NVIC_DisableIRQ), (24 bytes).
    Removing ct16b1.o(.ARM.exidx.text.__NVIC_DisableIRQ), (8 bytes).
    Removing utility.o(.text), (0 bytes).
    Removing utility.o(.ARM.exidx.text.UT_DelayNx10us), (8 bytes).
    Removing utility.o(.text.UT_DelayNms), (36 bytes).
    Removing utility.o(.ARM.exidx.text.UT_DelayNms), (8 bytes).
    Removing ct16b5.o(.text), (0 bytes).
    Removing ct16b5.o(.ARM.exidx.text.CT16B5_IRQHandler), (8 bytes).
    Removing ct16b5.o(.ARM.exidx.text.CT16B5_Init), (8 bytes).
    Removing ct16b5.o(.text.CT16B5_NvicEnable), (12 bytes).
    Removing ct16b5.o(.ARM.exidx.text.CT16B5_NvicEnable), (8 bytes).
    Removing ct16b5.o(.text.__NVIC_ClearPendingIRQ), (16 bytes).
    Removing ct16b5.o(.ARM.exidx.text.__NVIC_ClearPendingIRQ), (8 bytes).
    Removing ct16b5.o(.text.__NVIC_EnableIRQ), (16 bytes).
    Removing ct16b5.o(.ARM.exidx.text.__NVIC_EnableIRQ), (8 bytes).
    Removing ct16b5.o(.text.CT16B5_NvicDisable), (8 bytes).
    Removing ct16b5.o(.ARM.exidx.text.CT16B5_NvicDisable), (8 bytes).
    Removing ct16b5.o(.text.__NVIC_DisableIRQ), (24 bytes).
    Removing ct16b5.o(.ARM.exidx.text.__NVIC_DisableIRQ), (8 bytes).
    Removing ct16b5.o(.bss.iwCT16B5_IrqEvent), (4 bytes).
    Removing ct16b5.o(.bss.timer_1s_bt5), (1 bytes).
    Removing ct16b5.o(.bss.timer_1ms_bt5), (1 bytes).
    Removing spi0.o(.text), (0 bytes).
    Removing spi0.o(.ARM.exidx.text.SPI0_Init), (8 bytes).
    Removing spi0.o(.text.SPI0_Enable), (48 bytes).
    Removing spi0.o(.ARM.exidx.text.SPI0_Enable), (8 bytes).
    Removing spi0.o(.text.SPI0_Disable), (32 bytes).
    Removing spi0.o(.ARM.exidx.text.SPI0_Disable), (8 bytes).
    Removing spi0.o(.text.SPI0_DMAEnable), (20 bytes).
    Removing spi0.o(.ARM.exidx.text.SPI0_DMAEnable), (8 bytes).
    Removing spi0.o(.ARM.exidx.text.SPI0_RW), (8 bytes).
    Removing pfpa.o(.text), (0 bytes).
    Removing pfpa.o(.ARM.exidx.text.PFPA_Init), (8 bytes).
    Removing buzzer.o(.text), (0 bytes).
    Removing buzzer.o(.text.set_buzzer_pitch), (40 bytes).
    Removing buzzer.o(.ARM.exidx.text.set_buzzer_pitch), (8 bytes).
    Removing buzzer.o(.ARM.exidx.text.buzzer_bip), (8 bytes).
    Removing buzzer.o(.ARM.exidx.text.buzzer_stop), (8 bytes).
    Removing buzzer.o(.ARM.exidx.text.buzzer_update), (8 bytes).
    Removing buzzer.o(.ARM.exidx.text.buzzer_on), (8 bytes).
    Removing buzzer.o(.ARM.exidx.text.buzzer_off), (8 bytes).
    Removing buzzer.o(.rodata.musical_table), (32 bytes).
    Removing keyscan.o(.text), (0 bytes).
    Removing keyscan.o(.ARM.exidx.text.KeyScan), (8 bytes).
    Removing segment.o(.text), (0 bytes).
    Removing segment.o(.ARM.exidx.text.Digital_DisplayDEC), (8 bytes).
    Removing segment.o(.text.Digital_DisplayHEX), (44 bytes).
    Removing segment.o(.ARM.exidx.text.Digital_DisplayHEX), (8 bytes).
    Removing segment.o(.ARM.exidx.text.Digital_Scan), (8 bytes).
    Removing sst_flash.o(.text), (0 bytes).
    Removing sst_flash.o(.ARM.exidx.text.flash_enable_write_status), (8 bytes).
    Removing sst_flash.o(.ARM.exidx.text.flash_write_status), (8 bytes).
    Removing sst_flash.o(.ARM.exidx.text.flash_write_enable), (8 bytes).
    Removing sst_flash.o(.ARM.exidx.text.flash_write_disable), (8 bytes).
    Removing sst_flash.o(.ARM.exidx.text.flash_wait_ready), (8 bytes).
    Removing sst_flash.o(.text.flash_read_id), (68 bytes).
    Removing sst_flash.o(.ARM.exidx.text.flash_read_id), (8 bytes).
    Removing sst_flash.o(.ARM.exidx.text.flash_erase_sector), (8 bytes).
    Removing sst_flash.o(.ARM.exidx.text.flash_write), (8 bytes).
    Removing sst_flash.o(.ARM.exidx.text.flash_read), (8 bytes).
    Removing main_task.o(.text), (0 bytes).
    Removing main_task.o(.ARM.exidx.text.save_alarm_time_to_flash), (8 bytes).
    Removing main_task.o(.ARM.exidx.text.load_alarm_time_from_flash), (8 bytes).
    Removing main_task.o(.ARM.exidx.text.init_alarm_time_if_needed), (8 bytes).
    Removing main_task.o(.ARM.exidx.text.handle_alarm_buzzer), (8 bytes).
    Removing main_task.o(.ARM.exidx.text.check_and_activate_alarm), (8 bytes).
    Removing main_task.o(.ARM.exidx.text.main_task_init), (8 bytes).
    Removing main_task.o(.ARM.exidx.text.main_task_run), (8 bytes).
    Removing main_task.o(.ARM.exidx.text.clock_update), (8 bytes).
    Removing main_task.o(.ARM.exidx.text.segment_blink), (8 bytes).
    Removing main_task.o(.ARM.exidx.text.update_display_logic), (8 bytes).
    Removing main_task.o(.ARM.exidx.text.handle_timeout), (8 bytes).
    Removing main_task.o(.ARM.exidx.text.handle_led_blinking), (8 bytes).
    Removing main_task.o(.ARM.exidx.text.key_SW), (8 bytes).
    Removing hand_task.o(.text), (0 bytes).
    Removing hand_task.o(.ARM.exidx.text.handle_key1_press), (8 bytes).
    Removing hand_task.o(.ARM.exidx.text.handle_key4_press), (8 bytes).
    Removing hand_task.o(.ARM.exidx.text.handle_key8_press), (8 bytes).
    Removing hand_task.o(.ARM.exidx.text.handle_key14_press), (8 bytes).
    Removing system_sn32f400.o(.text), (0 bytes).
    Removing system_sn32f400.o(.ARM.exidx.text.SystemCoreClockUpdate), (8 bytes).
    Removing system_sn32f400.o(.ARM.exidx.text.SystemInit), (8 bytes).

134 unused section(s) (total 1324 bytes) removed from the image.

==============================================================================

Image Symbol Table

    Local Symbols

    Symbol Name                              Value     Ov Type        Size  Object(Section)

    ../clib/angel/boardlib.s                 0x00000000   Number         0  boardinit1.o ABSOLUTE
    ../clib/angel/boardlib.s                 0x00000000   Number         0  boardinit2.o ABSOLUTE
    ../clib/angel/boardlib.s                 0x00000000   Number         0  boardinit3.o ABSOLUTE
    ../clib/angel/boardlib.s                 0x00000000   Number         0  boardshut.o ABSOLUTE
    ../clib/angel/handlers.s                 0x00000000   Number         0  __scatter_copy.o ABSOLUTE
    ../clib/angel/handlers.s                 0x00000000   Number         0  __scatter_zi.o ABSOLUTE
    ../clib/angel/kernel.s                   0x00000000   Number         0  __rtentry.o ABSOLUTE
    ../clib/angel/kernel.s                   0x00000000   Number         0  __rtentry2.o ABSOLUTE
    ../clib/angel/kernel.s                   0x00000000   Number         0  __rtentry4.o ABSOLUTE
    ../clib/angel/kernel.s                   0x00000000   Number         0  rtexit.o ABSOLUTE
    ../clib/angel/kernel.s                   0x00000000   Number         0  rtexit2.o ABSOLUTE
    ../clib/angel/rt.s                       0x00000000   Number         0  aeabi_idiv0.o ABSOLUTE
    ../clib/angel/rt.s                       0x00000000   Number         0  aeabi_idiv0_sigfpe.o ABSOLUTE
    ../clib/angel/rt.s                       0x00000000   Number         0  rt_div0.o ABSOLUTE
    ../clib/angel/rt.s                       0x00000000   Number         0  rt_raise.o ABSOLUTE
    ../clib/angel/scatterp.s                 0x00000000   Number         0  __scatter.o ABSOLUTE
    ../clib/angel/startup.s                  0x00000000   Number         0  __main.o ABSOLUTE
    ../clib/angel/sys.s                      0x00000000   Number         0  sys_stackheap_outer.o ABSOLUTE
    ../clib/angel/sys.s                      0x00000000   Number         0  libspace.o ABSOLUTE
    ../clib/angel/sys.s                      0x00000000   Number         0  tempstk.o ABSOLUTE
    ../clib/angel/sys.s                      0x00000000   Number         0  use_no_semi.o ABSOLUTE
    ../clib/angel/sys.s                      0x00000000   Number         0  indicate_semi.o ABSOLUTE
    ../clib/angel/sysapp.c                   0x00000000   Number         0  sys_exit.o ABSOLUTE
    ../clib/angel/sysapp.c                   0x00000000   Number         0  sys_exit_hlt.o ABSOLUTE
    ../clib/angel/sysapp.c                   0x00000000   Number         0  sys_wrch.o ABSOLUTE
    ../clib/angel/sysapp.c                   0x00000000   Number         0  sys_wrch_hlt.o ABSOLUTE
    ../clib/angel/sysapp.c                   0x00000000   Number         0  sys_command.o ABSOLUTE
    ../clib/angel/sysapp.c                   0x00000000   Number         0  sys_command_hlt.o ABSOLUTE
    ../clib/armsys.c                         0x00000000   Number         0  argv_veneer.o ABSOLUTE
    ../clib/armsys.c                         0x00000000   Number         0  _get_argv_nomalloc.o ABSOLUTE
    ../clib/armsys.c                         0x00000000   Number         0  no_argv.o ABSOLUTE
    ../clib/division.s                       0x00000000   Number         0  aeabi_sdivfast.o ABSOLUTE
    ../clib/division.s                       0x00000000   Number         0  aeabi_sdivfast_div0.o ABSOLUTE
    ../clib/heapalloc.c                      0x00000000   Number         0  hrguard.o ABSOLUTE
    ../clib/heapaux.c                        0x00000000   Number         0  heapauxi.o ABSOLUTE
    ../clib/libinit.s                        0x00000000   Number         0  libinit.o ABSOLUTE
    ../clib/libinit.s                        0x00000000   Number         0  libinit2.o ABSOLUTE
    ../clib/libinit.s                        0x00000000   Number         0  libshutdown.o ABSOLUTE
    ../clib/libinit.s                        0x00000000   Number         0  libshutdown2.o ABSOLUTE
    ../clib/signal.c                         0x00000000   Number         0  defsig_fpe_outer.o ABSOLUTE
    ../clib/signal.c                         0x00000000   Number         0  defsig_fpe_formal.o ABSOLUTE
    ../clib/signal.c                         0x00000000   Number         0  defsig_exit.o ABSOLUTE
    ../clib/signal.c                         0x00000000   Number         0  defsig_fpe_inner.o ABSOLUTE
    ../clib/signal.c                         0x00000000   Number         0  __raise.o ABSOLUTE
    ../clib/signal.c                         0x00000000   Number         0  defsig_general.o ABSOLUTE
    ../clib/signal.c                         0x00000000   Number         0  defsig_abrt_inner.o ABSOLUTE
    ../clib/signal.c                         0x00000000   Number         0  defsig_rtred_inner.o ABSOLUTE
    ../clib/signal.c                         0x00000000   Number         0  defsig_rtmem_inner.o ABSOLUTE
    ../clib/signal.c                         0x00000000   Number         0  defsig_rtmem_outer.o ABSOLUTE
    ../clib/signal.c                         0x00000000   Number         0  defsig_rtmem_formal.o ABSOLUTE
    ../clib/signal.c                         0x00000000   Number         0  defsig_stak_inner.o ABSOLUTE
    ../clib/signal.c                         0x00000000   Number         0  defsig_pvfn_inner.o ABSOLUTE
    ../clib/signal.c                         0x00000000   Number         0  defsig_cppl_inner.o ABSOLUTE
    ../clib/signal.c                         0x00000000   Number         0  defsig_segv_inner.o ABSOLUTE
    ../clib/signal.c                         0x00000000   Number         0  defsig_other.o ABSOLUTE
    ../clib/signal.s                         0x00000000   Number         0  defsig.o ABSOLUTE
    ../clib/stdlib.c                         0x00000000   Number         0  exit.o ABSOLUTE
    ../fplib/cfplib/fpinit.c                 0x00000000   Number         0  fpinit.o ABSOLUTE
    Buzzer.c                                 0x00000000   Number         0  buzzer.o ABSOLUTE
    CT16B0.c                                 0x00000000   Number         0  ct16b0.o ABSOLUTE
    CT16B1.c                                 0x00000000   Number         0  ct16b1.o ABSOLUTE
    CT16B5.c                                 0x00000000   Number         0  ct16b5.o ABSOLUTE
    GPIO.c                                   0x00000000   Number         0  gpio.o ABSOLUTE
    KeyScan.c                                0x00000000   Number         0  keyscan.o ABSOLUTE
    PFPA.c                                   0x00000000   Number         0  pfpa.o ABSOLUTE
    RTE/Device/SN32F407F/startup_SN32F400.s  0x00000000   Number         0  startup_sn32f400.o ABSOLUTE
    SPI0.c                                   0x00000000   Number         0  spi0.o ABSOLUTE
    Segment.c                                0x00000000   Number         0  segment.o ABSOLUTE
    Utility.c                                0x00000000   Number         0  utility.o ABSOLUTE
    WDT.c                                    0x00000000   Number         0  wdt.o ABSOLUTE
    dc.s                                     0x00000000   Number         0  dc.o ABSOLUTE
    hand_task.c                              0x00000000   Number         0  hand_task.o ABSOLUTE
    main.c                                   0x00000000   Number         0  main.o ABSOLUTE
    main_task.c                              0x00000000   Number         0  main_task.o ABSOLUTE
    sst_flash.c                              0x00000000   Number         0  sst_flash.o ABSOLUTE
    system_SN32F400.c                        0x00000000   Number         0  system_sn32f400.o ABSOLUTE
    RESET                                    0x00000000   Section      192  startup_sn32f400.o(RESET)
    !!!main                                  0x000000c0   Section        8  __main.o(!!!main)
    !!!scatter                               0x000000c8   Section       60  __scatter.o(!!!scatter)
    !!handler_copy                           0x00000104   Section       26  __scatter_copy.o(!!handler_copy)
    !!handler_zi                             0x00000120   Section       28  __scatter_zi.o(!!handler_zi)
    .ARM.Collect$$libinit$$00000000          0x0000013c   Section        2  libinit.o(.ARM.Collect$$libinit$$00000000)
    .ARM.Collect$$libinit$$00000002          0x0000013e   Section        0  libinit2.o(.ARM.Collect$$libinit$$00000002)
    .ARM.Collect$$libinit$$00000004          0x0000013e   Section        0  libinit2.o(.ARM.Collect$$libinit$$00000004)
    .ARM.Collect$$libinit$$0000000A          0x0000013e   Section        0  libinit2.o(.ARM.Collect$$libinit$$0000000A)
    .ARM.Collect$$libinit$$0000000C          0x0000013e   Section        0  libinit2.o(.ARM.Collect$$libinit$$0000000C)
    .ARM.Collect$$libinit$$0000000E          0x0000013e   Section        0  libinit2.o(.ARM.Collect$$libinit$$0000000E)
    .ARM.Collect$$libinit$$00000011          0x0000013e   Section        0  libinit2.o(.ARM.Collect$$libinit$$00000011)
    .ARM.Collect$$libinit$$00000013          0x0000013e   Section        0  libinit2.o(.ARM.Collect$$libinit$$00000013)
    .ARM.Collect$$libinit$$00000015          0x0000013e   Section        0  libinit2.o(.ARM.Collect$$libinit$$00000015)
    .ARM.Collect$$libinit$$00000017          0x0000013e   Section        0  libinit2.o(.ARM.Collect$$libinit$$00000017)
    .ARM.Collect$$libinit$$00000019          0x0000013e   Section        0  libinit2.o(.ARM.Collect$$libinit$$00000019)
    .ARM.Collect$$libinit$$0000001B          0x0000013e   Section        0  libinit2.o(.ARM.Collect$$libinit$$0000001B)
    .ARM.Collect$$libinit$$0000001D          0x0000013e   Section        0  libinit2.o(.ARM.Collect$$libinit$$0000001D)
    .ARM.Collect$$libinit$$0000001F          0x0000013e   Section        0  libinit2.o(.ARM.Collect$$libinit$$0000001F)
    .ARM.Collect$$libinit$$00000021          0x0000013e   Section        0  libinit2.o(.ARM.Collect$$libinit$$00000021)
    .ARM.Collect$$libinit$$00000023          0x0000013e   Section        0  libinit2.o(.ARM.Collect$$libinit$$00000023)
    .ARM.Collect$$libinit$$00000025          0x0000013e   Section        0  libinit2.o(.ARM.Collect$$libinit$$00000025)
    .ARM.Collect$$libinit$$0000002C          0x0000013e   Section        0  libinit2.o(.ARM.Collect$$libinit$$0000002C)
    .ARM.Collect$$libinit$$0000002E          0x0000013e   Section        0  libinit2.o(.ARM.Collect$$libinit$$0000002E)
    .ARM.Collect$$libinit$$00000030          0x0000013e   Section        0  libinit2.o(.ARM.Collect$$libinit$$00000030)
    .ARM.Collect$$libinit$$00000032          0x0000013e   Section        0  libinit2.o(.ARM.Collect$$libinit$$00000032)
    .ARM.Collect$$libinit$$00000033          0x0000013e   Section        2  libinit2.o(.ARM.Collect$$libinit$$00000033)
    .ARM.Collect$$libshutdown$$00000000      0x00000140   Section        2  libshutdown.o(.ARM.Collect$$libshutdown$$00000000)
    .ARM.Collect$$libshutdown$$00000002      0x00000142   Section        0  libshutdown2.o(.ARM.Collect$$libshutdown$$00000002)
    .ARM.Collect$$libshutdown$$00000004      0x00000142   Section        0  libshutdown2.o(.ARM.Collect$$libshutdown$$00000004)
    .ARM.Collect$$libshutdown$$00000007      0x00000142   Section        0  libshutdown2.o(.ARM.Collect$$libshutdown$$00000007)
    .ARM.Collect$$libshutdown$$0000000A      0x00000142   Section        0  libshutdown2.o(.ARM.Collect$$libshutdown$$0000000A)
    .ARM.Collect$$libshutdown$$0000000C      0x00000142   Section        0  libshutdown2.o(.ARM.Collect$$libshutdown$$0000000C)
    .ARM.Collect$$libshutdown$$0000000F      0x00000142   Section        0  libshutdown2.o(.ARM.Collect$$libshutdown$$0000000F)
    .ARM.Collect$$libshutdown$$00000010      0x00000142   Section        2  libshutdown2.o(.ARM.Collect$$libshutdown$$00000010)
    .ARM.Collect$$rtentry$$00000000          0x00000144   Section        0  __rtentry.o(.ARM.Collect$$rtentry$$00000000)
    .ARM.Collect$$rtentry$$00000002          0x00000144   Section        0  __rtentry2.o(.ARM.Collect$$rtentry$$00000002)
    .ARM.Collect$$rtentry$$00000004          0x00000144   Section        6  __rtentry4.o(.ARM.Collect$$rtentry$$00000004)
    .ARM.Collect$$rtentry$$00000009          0x0000014a   Section        0  __rtentry2.o(.ARM.Collect$$rtentry$$00000009)
    .ARM.Collect$$rtentry$$0000000A          0x0000014a   Section        4  __rtentry2.o(.ARM.Collect$$rtentry$$0000000A)
    .ARM.Collect$$rtentry$$0000000C          0x0000014e   Section        0  __rtentry2.o(.ARM.Collect$$rtentry$$0000000C)
    .ARM.Collect$$rtentry$$0000000D          0x0000014e   Section        8  __rtentry2.o(.ARM.Collect$$rtentry$$0000000D)
    .ARM.Collect$$rtexit$$00000000           0x00000156   Section        2  rtexit.o(.ARM.Collect$$rtexit$$00000000)
    .ARM.Collect$$rtexit$$00000002           0x00000158   Section        0  rtexit2.o(.ARM.Collect$$rtexit$$00000002)
    .ARM.Collect$$rtexit$$00000003           0x00000158   Section        4  rtexit2.o(.ARM.Collect$$rtexit$$00000003)
    .ARM.Collect$$rtexit$$00000004           0x0000015c   Section        6  rtexit2.o(.ARM.Collect$$rtexit$$00000004)
    .text                                    0x00000164   Section       44  startup_sn32f400.o(.text)
    .text                                    0x00000190   Section      504  aeabi_sdivfast.o(.text)
    .text                                    0x00000388   Section        0  heapauxi.o(.text)
    .text                                    0x0000038e   Section       62  sys_stackheap_outer.o(.text)
    .text                                    0x000003cc   Section        0  exit.o(.text)
    .text                                    0x000003dc   Section        8  libspace.o(.text)
    .text                                    0x000003e4   Section        0  sys_exit.o(.text)
    .text                                    0x000003f0   Section        2  use_no_semi.o(.text)
    .text                                    0x000003f2   Section        0  indicate_semi.o(.text)
    [Anonymous Symbol]                       0x000003f4   Section        0  ct16b0.o(.text.CT16B0_IRQHandler)
    __arm_cp.0_0                             0x000003fc   Number         4  ct16b0.o(.text.CT16B0_IRQHandler)
    [Anonymous Symbol]                       0x00000400   Section        0  ct16b0.o(.text.CT16B0_Init)
    __arm_cp.1_2                             0x0000042c   Number         4  ct16b0.o(.text.CT16B0_Init)
    [Anonymous Symbol]                       0x00000430   Section        0  ct16b1.o(.text.CT16B1_IRQHandler)
    __arm_cp.0_0                             0x00000460   Number         4  ct16b1.o(.text.CT16B1_IRQHandler)
    __arm_cp.0_1                             0x00000464   Number         4  ct16b1.o(.text.CT16B1_IRQHandler)
    __arm_cp.0_2                             0x00000468   Number         4  ct16b1.o(.text.CT16B1_IRQHandler)
    __arm_cp.0_3                             0x0000046c   Number         4  ct16b1.o(.text.CT16B1_IRQHandler)
    [Anonymous Symbol]                       0x00000470   Section        0  ct16b1.o(.text.CT16B1_Init)
    __arm_cp.1_1                             0x0000049c   Number         4  ct16b1.o(.text.CT16B1_Init)
    __arm_cp.1_2                             0x000004a0   Number         4  ct16b1.o(.text.CT16B1_Init)
    [Anonymous Symbol]                       0x000004a4   Section        0  ct16b5.o(.text.CT16B5_IRQHandler)
    __arm_cp.0_0                             0x000004b8   Number         4  ct16b5.o(.text.CT16B5_IRQHandler)
    [Anonymous Symbol]                       0x000004bc   Section        0  ct16b5.o(.text.CT16B5_Init)
    __arm_cp.1_1                             0x000004e4   Number         4  ct16b5.o(.text.CT16B5_Init)
    __arm_cp.1_2                             0x000004e8   Number         4  ct16b5.o(.text.CT16B5_Init)
    [Anonymous Symbol]                       0x000004ec   Section        0  segment.o(.text.Digital_DisplayDEC)
    __arm_cp.0_0                             0x00000558   Number         4  segment.o(.text.Digital_DisplayDEC)
    __arm_cp.0_1                             0x0000055c   Number         4  segment.o(.text.Digital_DisplayDEC)
    __arm_cp.0_3                             0x00000560   Number         4  segment.o(.text.Digital_DisplayDEC)
    [Anonymous Symbol]                       0x00000564   Section        0  segment.o(.text.Digital_Scan)
    __arm_cp.2_0                             0x0000059c   Number         4  segment.o(.text.Digital_Scan)
    __arm_cp.2_1                             0x000005a0   Number         4  segment.o(.text.Digital_Scan)
    __arm_cp.2_2                             0x000005a4   Number         4  segment.o(.text.Digital_Scan)
    __arm_cp.2_4                             0x000005b8   Number         4  segment.o(.text.Digital_Scan)
    [Anonymous Symbol]                       0x000005bc   Section        0  gpio.o(.text.GPIO_Init)
    __arm_cp.0_2                             0x000005fc   Number         4  gpio.o(.text.GPIO_Init)
    __arm_cp.0_3                             0x00000600   Number         4  gpio.o(.text.GPIO_Init)
    [Anonymous Symbol]                       0x00000604   Section        0  main.o(.text.HardFault_Handler)
    [Anonymous Symbol]                       0x00000608   Section        0  keyscan.o(.text.KeyScan)
    __arm_cp.0_0                             0x000006a8   Number         4  keyscan.o(.text.KeyScan)
    __arm_cp.0_1                             0x000006ac   Number         4  keyscan.o(.text.KeyScan)
    __arm_cp.0_2                             0x000006b0   Number         4  keyscan.o(.text.KeyScan)
    __arm_cp.0_3                             0x000006b4   Number         4  keyscan.o(.text.KeyScan)
    __arm_cp.0_4                             0x000006b8   Number         4  keyscan.o(.text.KeyScan)
    __arm_cp.0_5                             0x000006bc   Number         4  keyscan.o(.text.KeyScan)
    __arm_cp.0_6                             0x000006c0   Number         4  keyscan.o(.text.KeyScan)
    [Anonymous Symbol]                       0x000006c4   Section        0  gpio.o(.text.P0_IRQHandler)
    __arm_cp.1_0                             0x000006cc   Number         4  gpio.o(.text.P0_IRQHandler)
    [Anonymous Symbol]                       0x000006d0   Section        0  gpio.o(.text.P1_IRQHandler)
    __arm_cp.2_0                             0x000006d8   Number         4  gpio.o(.text.P1_IRQHandler)
    [Anonymous Symbol]                       0x000006dc   Section        0  gpio.o(.text.P2_IRQHandler)
    __arm_cp.3_0                             0x000006e4   Number         4  gpio.o(.text.P2_IRQHandler)
    [Anonymous Symbol]                       0x000006e8   Section        0  gpio.o(.text.P3_IRQHandler)
    __arm_cp.4_0                             0x000006f0   Number         4  gpio.o(.text.P3_IRQHandler)
    __arm_cp.4_1                             0x000006f4   Number         4  gpio.o(.text.P3_IRQHandler)
    [Anonymous Symbol]                       0x000006f8   Section        0  pfpa.o(.text.PFPA_Init)
    __arm_cp.0_0                             0x00000714   Number         4  pfpa.o(.text.PFPA_Init)
    __arm_cp.0_1                             0x00000718   Number         4  pfpa.o(.text.PFPA_Init)
    [Anonymous Symbol]                       0x0000071c   Section        0  spi0.o(.text.SPI0_Init)
    __arm_cp.0_0                             0x00000780   Number         4  spi0.o(.text.SPI0_Init)
    __arm_cp.0_1                             0x00000784   Number         4  spi0.o(.text.SPI0_Init)
    [Anonymous Symbol]                       0x00000788   Section        0  spi0.o(.text.SPI0_RW)
    __arm_cp.4_0                             0x0000079c   Number         4  spi0.o(.text.SPI0_RW)
    [Anonymous Symbol]                       0x000007a0   Section        0  system_sn32f400.o(.text.SystemCoreClockUpdate)
    __arm_cp.0_0                             0x0000083c   Number         4  system_sn32f400.o(.text.SystemCoreClockUpdate)
    __arm_cp.0_1                             0x00000840   Number         4  system_sn32f400.o(.text.SystemCoreClockUpdate)
    __arm_cp.0_2                             0x00000844   Number         4  system_sn32f400.o(.text.SystemCoreClockUpdate)
    __arm_cp.0_3                             0x00000848   Number         4  system_sn32f400.o(.text.SystemCoreClockUpdate)
    __arm_cp.0_4                             0x0000084c   Number         4  system_sn32f400.o(.text.SystemCoreClockUpdate)
    __arm_cp.0_5                             0x00000850   Number         4  system_sn32f400.o(.text.SystemCoreClockUpdate)
    __arm_cp.0_8                             0x00000874   Number         4  system_sn32f400.o(.text.SystemCoreClockUpdate)
    __arm_cp.0_9                             0x00000878   Number         4  system_sn32f400.o(.text.SystemCoreClockUpdate)
    [Anonymous Symbol]                       0x0000087c   Section        0  system_sn32f400.o(.text.SystemInit)
    __arm_cp.1_0                             0x000008a8   Number         4  system_sn32f400.o(.text.SystemInit)
    [Anonymous Symbol]                       0x000008ac   Section        0  utility.o(.text.UT_DelayNx10us)
    [Anonymous Symbol]                       0x000008c4   Section        0  wdt.o(.text.WDT_IRQHandler)
    [Anonymous Symbol]                       0x000008d8   Section        0  wdt.o(.text.WDT_Init)
    __arm_cp.1_0                             0x000008f4   Number         4  wdt.o(.text.WDT_Init)
    [Anonymous Symbol]                       0x000008f8   Section        0  wdt.o(.text.WDT_ReloadValue)
    __arm_cp.2_0                             0x00000908   Number         4  wdt.o(.text.WDT_ReloadValue)
    __arm_cp.2_1                             0x0000090c   Number         4  wdt.o(.text.WDT_ReloadValue)
    __NVIC_EnableIRQ                         0x00000911   Thumb Code    16  ct16b1.o(.text.__NVIC_EnableIRQ)
    [Anonymous Symbol]                       0x00000910   Section        0  ct16b1.o(.text.__NVIC_EnableIRQ)
    __arm_cp.2_0                             0x0000091c   Number         4  ct16b1.o(.text.__NVIC_EnableIRQ)
    __NVIC_SystemReset                       0x00000921   Thumb Code    28  main.o(.text.__NVIC_SystemReset)
    [Anonymous Symbol]                       0x00000920   Section        0  main.o(.text.__NVIC_SystemReset)
    __arm_cp.3_0                             0x00000934   Number         4  main.o(.text.__NVIC_SystemReset)
    __arm_cp.3_1                             0x00000938   Number         4  main.o(.text.__NVIC_SystemReset)
    [Anonymous Symbol]                       0x0000093c   Section        0  buzzer.o(.text.buzzer_bip)
    [Anonymous Symbol]                       0x00000960   Section        0  buzzer.o(.text.buzzer_off)
    [Anonymous Symbol]                       0x0000096c   Section        0  buzzer.o(.text.buzzer_on)
    __arm_cp.4_0                             0x00000980   Number         4  buzzer.o(.text.buzzer_on)
    __arm_cp.4_1                             0x00000984   Number         4  buzzer.o(.text.buzzer_on)
    [Anonymous Symbol]                       0x00000988   Section        0  buzzer.o(.text.buzzer_stop)
    [Anonymous Symbol]                       0x0000099c   Section        0  buzzer.o(.text.buzzer_update)
    __arm_cp.3_0                             0x000009c0   Number         4  buzzer.o(.text.buzzer_update)
    __arm_cp.3_1                             0x000009c4   Number         4  buzzer.o(.text.buzzer_update)
    __arm_cp.3_2                             0x000009c8   Number         4  buzzer.o(.text.buzzer_update)
    [Anonymous Symbol]                       0x000009cc   Section        0  main_task.o(.text.check_and_activate_alarm)
    __arm_cp.4_0                             0x00000a08   Number         4  main_task.o(.text.check_and_activate_alarm)
    __arm_cp.4_1                             0x00000a0c   Number         4  main_task.o(.text.check_and_activate_alarm)
    __arm_cp.4_2                             0x00000a10   Number         4  main_task.o(.text.check_and_activate_alarm)
    __arm_cp.4_4                             0x00000a14   Number         4  main_task.o(.text.check_and_activate_alarm)
    clock_update                             0x00000a19   Thumb Code    72  main_task.o(.text.clock_update)
    [Anonymous Symbol]                       0x00000a18   Section        0  main_task.o(.text.clock_update)
    __arm_cp.7_0                             0x00000a58   Number         4  main_task.o(.text.clock_update)
    __arm_cp.7_1                             0x00000a5c   Number         4  main_task.o(.text.clock_update)
    [Anonymous Symbol]                       0x00000a60   Section        0  sst_flash.o(.text.flash_enable_write_status)
    [Anonymous Symbol]                       0x00000a74   Section        0  sst_flash.o(.text.flash_erase_sector)
    [Anonymous Symbol]                       0x00000abc   Section        0  sst_flash.o(.text.flash_read)
    [Anonymous Symbol]                       0x00000b0c   Section        0  sst_flash.o(.text.flash_wait_ready)
    __arm_cp.4_1                             0x00000b40   Number         4  sst_flash.o(.text.flash_wait_ready)
    __arm_cp.4_2                             0x00000b44   Number         4  sst_flash.o(.text.flash_wait_ready)
    [Anonymous Symbol]                       0x00000b48   Section        0  sst_flash.o(.text.flash_write)
    [Anonymous Symbol]                       0x00000bac   Section        0  sst_flash.o(.text.flash_write_disable)
    [Anonymous Symbol]                       0x00000bc0   Section        0  sst_flash.o(.text.flash_write_enable)
    [Anonymous Symbol]                       0x00000bd4   Section        0  sst_flash.o(.text.flash_write_status)
    __arm_cp.1_0                             0x00000bf0   Number         4  sst_flash.o(.text.flash_write_status)
    [Anonymous Symbol]                       0x00000bf4   Section        0  main_task.o(.text.handle_alarm_buzzer)
    __arm_cp.3_0                             0x00000c4c   Number         4  main_task.o(.text.handle_alarm_buzzer)
    __arm_cp.3_1                             0x00000c50   Number         4  main_task.o(.text.handle_alarm_buzzer)
    __arm_cp.3_2                             0x00000c54   Number         4  main_task.o(.text.handle_alarm_buzzer)
    __arm_cp.3_3                             0x00000c58   Number         4  main_task.o(.text.handle_alarm_buzzer)
    __arm_cp.3_4                             0x00000c5c   Number         4  main_task.o(.text.handle_alarm_buzzer)
    [Anonymous Symbol]                       0x00000c60   Section        0  hand_task.o(.text.handle_key14_press)
    [Anonymous Symbol]                       0x00000cc4   Section        0  hand_task.o(.text.handle_key1_press)
    __arm_cp.0_6                             0x00000d10   Number         4  hand_task.o(.text.handle_key1_press)
    __arm_cp.0_7                             0x00000d14   Number         4  hand_task.o(.text.handle_key1_press)
    [Anonymous Symbol]                       0x00000d18   Section        0  hand_task.o(.text.handle_key4_press)
    __arm_cp.1_3                             0x00000d8c   Number         4  hand_task.o(.text.handle_key4_press)
    __arm_cp.1_4                             0x00000d90   Number         4  hand_task.o(.text.handle_key4_press)
    [Anonymous Symbol]                       0x00000d94   Section        0  hand_task.o(.text.handle_key8_press)
    handle_led_blinking                      0x00000e11   Thumb Code    60  main_task.o(.text.handle_led_blinking)
    [Anonymous Symbol]                       0x00000e10   Section        0  main_task.o(.text.handle_led_blinking)
    __arm_cp.11_1                            0x00000e48   Number         4  main_task.o(.text.handle_led_blinking)
    handle_timeout                           0x00000e4d   Thumb Code   136  main_task.o(.text.handle_timeout)
    [Anonymous Symbol]                       0x00000e4c   Section        0  main_task.o(.text.handle_timeout)
    __arm_cp.10_0                            0x00000eb0   Number         4  main_task.o(.text.handle_timeout)
    __arm_cp.10_1                            0x00000eb4   Number         4  main_task.o(.text.handle_timeout)
    __arm_cp.10_3                            0x00000eb8   Number         4  main_task.o(.text.handle_timeout)
    __arm_cp.10_4                            0x00000ebc   Number         4  main_task.o(.text.handle_timeout)
    __arm_cp.10_5                            0x00000ec0   Number         4  main_task.o(.text.handle_timeout)
    __arm_cp.10_6                            0x00000ec4   Number         4  main_task.o(.text.handle_timeout)
    __arm_cp.10_7                            0x00000ec8   Number         4  main_task.o(.text.handle_timeout)
    __arm_cp.10_8                            0x00000ecc   Number         4  main_task.o(.text.handle_timeout)
    __arm_cp.10_9                            0x00000ed0   Number         4  main_task.o(.text.handle_timeout)
    [Anonymous Symbol]                       0x00000ed4   Section        0  main_task.o(.text.init_alarm_time_if_needed)
    __arm_cp.2_0                             0x00000f0c   Number         4  main_task.o(.text.init_alarm_time_if_needed)
    key_SW                                   0x00000f11   Thumb Code    80  main_task.o(.text.key_SW)
    [Anonymous Symbol]                       0x00000f10   Section        0  main_task.o(.text.key_SW)
    __arm_cp.12_1                            0x00000f5c   Number         4  main_task.o(.text.key_SW)
    [Anonymous Symbol]                       0x00000f60   Section        0  main_task.o(.text.load_alarm_time_from_flash)
    [Anonymous Symbol]                       0x00000fb4   Section        0  main.o(.text.main)
    __arm_cp.0_0                             0x00001004   Number         4  main.o(.text.main)
    __arm_cp.0_1                             0x00001008   Number         4  main.o(.text.main)
    __arm_cp.0_2                             0x0000100c   Number         4  main.o(.text.main)
    __arm_cp.0_3                             0x00001010   Number         4  main.o(.text.main)
    [Anonymous Symbol]                       0x00001014   Section        0  main_task.o(.text.main_task_init)
    __arm_cp.5_0                             0x00001028   Number         4  main_task.o(.text.main_task_init)
    [Anonymous Symbol]                       0x0000102c   Section        0  main_task.o(.text.main_task_run)
    __arm_cp.6_0                             0x0000107c   Number         4  main_task.o(.text.main_task_run)
    __arm_cp.6_1                             0x00001080   Number         4  main_task.o(.text.main_task_run)
    __arm_cp.6_2                             0x00001084   Number         4  main_task.o(.text.main_task_run)
    __arm_cp.6_3                             0x00001088   Number         4  main_task.o(.text.main_task_run)
    __arm_cp.6_4                             0x0000108c   Number         4  main_task.o(.text.main_task_run)
    [Anonymous Symbol]                       0x00001090   Section        0  main_task.o(.text.save_alarm_time_to_flash)
    __arm_cp.0_0                             0x000010d4   Number         4  main_task.o(.text.save_alarm_time_to_flash)
    __arm_cp.0_1                             0x000010d8   Number         4  main_task.o(.text.save_alarm_time_to_flash)
    __arm_cp.0_2                             0x000010dc   Number         4  main_task.o(.text.save_alarm_time_to_flash)
    __arm_cp.0_3                             0x000010e0   Number         4  main_task.o(.text.save_alarm_time_to_flash)
    segment_blink                            0x000010e5   Thumb Code    72  main_task.o(.text.segment_blink)
    [Anonymous Symbol]                       0x000010e4   Section        0  main_task.o(.text.segment_blink)
    __arm_cp.8_0                             0x00001120   Number         4  main_task.o(.text.segment_blink)
    __arm_cp.8_1                             0x00001124   Number         4  main_task.o(.text.segment_blink)
    __arm_cp.8_2                             0x00001128   Number         4  main_task.o(.text.segment_blink)
    update_display_logic                     0x0000112d   Thumb Code   144  main_task.o(.text.update_display_logic)
    [Anonymous Symbol]                       0x0000112c   Section        0  main_task.o(.text.update_display_logic)
    __arm_cp.9_0                             0x00001194   Number         4  main_task.o(.text.update_display_logic)
    __arm_cp.9_1                             0x00001198   Number         4  main_task.o(.text.update_display_logic)
    __arm_cp.9_2                             0x0000119c   Number         4  main_task.o(.text.update_display_logic)
    __arm_cp.9_3                             0x000011a0   Number         4  main_task.o(.text.update_display_logic)
    __arm_cp.9_4                             0x000011a4   Number         4  main_task.o(.text.update_display_logic)
    __arm_cp.9_5                             0x000011a8   Number         4  main_task.o(.text.update_display_logic)
    __arm_cp.9_6                             0x000011ac   Number         4  main_task.o(.text.update_display_logic)
    __arm_cp.9_7                             0x000011b0   Number         4  main_task.o(.text.update_display_logic)
    __arm_cp.9_8                             0x000011b4   Number         4  main_task.o(.text.update_display_logic)
    __arm_cp.9_9                             0x000011b8   Number         4  main_task.o(.text.update_display_logic)
    .text_divfast                            0x000011bc   Section      502  aeabi_sdivfast.o(.text_divfast)
    .ARM.__at_0x00007FFC                     0x00007ffc   Section        4  startup_sn32f400.o(.ARM.__at_0x00007FFC)
    .bss                                     0x20000008   Section       96  libspace.o(.bss)
    alarm_active                             0x2000006c   Data           1  main_task.o(.bss.alarm_active)
    [Anonymous Symbol]                       0x2000006c   Section        0  main_task.o(.bss.alarm_active)
    alarm_blink_counter                      0x2000006e   Data           2  main_task.o(.bss.alarm_blink_counter)
    [Anonymous Symbol]                       0x2000006e   Section        0  main_task.o(.bss.alarm_blink_counter)
    alarm_buzzer_state                       0x20000070   Data           1  main_task.o(.bss.alarm_buzzer_state)
    [Anonymous Symbol]                       0x20000070   Section        0  main_task.o(.bss.alarm_buzzer_state)
    alarm_tick_ms                            0x20000072   Data           2  main_task.o(.bss.alarm_tick_ms)
    [Anonymous Symbol]                       0x20000072   Section        0  main_task.o(.bss.alarm_tick_ms)
    beep_active                              0x20000078   Data           1  buzzer.o(.bss.beep_active)
    [Anonymous Symbol]                       0x20000078   Section        0  buzzer.o(.bss.beep_active)
    beep_duration_ms                         0x2000007a   Data           2  buzzer.o(.bss.beep_duration_ms)
    [Anonymous Symbol]                       0x2000007a   Section        0  buzzer.o(.bss.beep_duration_ms)
    beep_timer                               0x2000007c   Data           2  buzzer.o(.bss.beep_timer)
    [Anonymous Symbol]                       0x2000007c   Section        0  buzzer.o(.bss.beep_timer)
    ms_count.0                               0x2000008c   Data           2  main_task.o(.bss.ms_count.0)
    [Anonymous Symbol]                       0x2000008c   Section        0  main_task.o(.bss.ms_count.0)
    Heap_Mem                                 0x200000a0   Data           0  startup_sn32f400.o(HEAP)
    Stack_Mem                                0x200000a0   Data         512  startup_sn32f400.o(STACK)
    HEAP                                     0x200000a0   Section        0  startup_sn32f400.o(HEAP)
    STACK                                    0x200000a0   Section      512  startup_sn32f400.o(STACK)
    __initial_sp                             0x200002a0   Data           0  startup_sn32f400.o(STACK)

    Global Symbols

    Symbol Name                              Value     Ov Type        Size  Object(Section)

    BuildAttributes$$THM_ISAv3M$S$PE$A:L22$X:L11$S22$IEEE1$IW$~IW$USESV6$~STKCKD$USESV7$~SHL$OTIME$ROPI$EBA8$UX$STANDARDLIB$REQ8$PRES8$EABIv2 0x00000000   Number         0  anon$$obj.o ABSOLUTE
    __Vectors                                0x00000000   Data           4  startup_sn32f400.o(RESET)
    __ARM_exceptions_init                     - Undefined Weak Reference
    __alloca_initialize                       - Undefined Weak Reference
    __arm_preinit_                            - Undefined Weak Reference
    __cpp_initialize__aeabi_                  - Undefined Weak Reference
    __cxa_finalize                            - Undefined Weak Reference
    __rt_locale                               - Undefined Weak Reference
    __sigvec_lookup                           - Undefined Weak Reference
    _atexit_init                              - Undefined Weak Reference
    _call_atexit_fns                          - Undefined Weak Reference
    _clock_init                               - Undefined Weak Reference
    _fp_trap_init                             - Undefined Weak Reference
    _fp_trap_shutdown                         - Undefined Weak Reference
    _get_lc_collate                           - Undefined Weak Reference
    _get_lc_ctype                             - Undefined Weak Reference
    _get_lc_monetary                          - Undefined Weak Reference
    _get_lc_numeric                           - Undefined Weak Reference
    _get_lc_time                              - Undefined Weak Reference
    _getenv_init                              - Undefined Weak Reference
    _handle_redirection                       - Undefined Weak Reference
    _init_alloc                               - Undefined Weak Reference
    _init_user_alloc                          - Undefined Weak Reference
    _initio                                   - Undefined Weak Reference
    _rand_init                                - Undefined Weak Reference
    _signal_finish                            - Undefined Weak Reference
    _signal_init                              - Undefined Weak Reference
    _terminate_alloc                          - Undefined Weak Reference
    _terminate_user_alloc                     - Undefined Weak Reference
    _terminateio                              - Undefined Weak Reference
    __main                                   0x000000c1   Thumb Code     8  __main.o(!!!main)
    __scatterload                            0x000000c9   Thumb Code     0  __scatter.o(!!!scatter)
    __scatterload_rt2                        0x000000c9   Thumb Code    52  __scatter.o(!!!scatter)
    __scatterload_rt2_thumb_only             0x000000c9   Thumb Code     0  __scatter.o(!!!scatter)
    __scatterload_null                       0x000000d9   Thumb Code     0  __scatter.o(!!!scatter)
    __scatterload_copy                       0x00000105   Thumb Code    26  __scatter_copy.o(!!handler_copy)
    __scatterload_zeroinit                   0x00000121   Thumb Code    28  __scatter_zi.o(!!handler_zi)
    __rt_lib_init                            0x0000013d   Thumb Code     0  libinit.o(.ARM.Collect$$libinit$$00000000)
    __rt_lib_init_alloca_1                   0x0000013f   Thumb Code     0  libinit2.o(.ARM.Collect$$libinit$$0000002E)
    __rt_lib_init_argv_1                     0x0000013f   Thumb Code     0  libinit2.o(.ARM.Collect$$libinit$$0000002C)
    __rt_lib_init_atexit_1                   0x0000013f   Thumb Code     0  libinit2.o(.ARM.Collect$$libinit$$0000001B)
    __rt_lib_init_clock_1                    0x0000013f   Thumb Code     0  libinit2.o(.ARM.Collect$$libinit$$00000021)
    __rt_lib_init_cpp_1                      0x0000013f   Thumb Code     0  libinit2.o(.ARM.Collect$$libinit$$00000032)
    __rt_lib_init_exceptions_1               0x0000013f   Thumb Code     0  libinit2.o(.ARM.Collect$$libinit$$00000030)
    __rt_lib_init_fp_1                       0x0000013f   Thumb Code     0  libinit2.o(.ARM.Collect$$libinit$$00000002)
    __rt_lib_init_fp_trap_1                  0x0000013f   Thumb Code     0  libinit2.o(.ARM.Collect$$libinit$$0000001F)
    __rt_lib_init_getenv_1                   0x0000013f   Thumb Code     0  libinit2.o(.ARM.Collect$$libinit$$00000023)
    __rt_lib_init_heap_1                     0x0000013f   Thumb Code     0  libinit2.o(.ARM.Collect$$libinit$$0000000A)
    __rt_lib_init_lc_collate_1               0x0000013f   Thumb Code     0  libinit2.o(.ARM.Collect$$libinit$$00000011)
    __rt_lib_init_lc_ctype_1                 0x0000013f   Thumb Code     0  libinit2.o(.ARM.Collect$$libinit$$00000013)
    __rt_lib_init_lc_monetary_1              0x0000013f   Thumb Code     0  libinit2.o(.ARM.Collect$$libinit$$00000015)
    __rt_lib_init_lc_numeric_1               0x0000013f   Thumb Code     0  libinit2.o(.ARM.Collect$$libinit$$00000017)
    __rt_lib_init_lc_time_1                  0x0000013f   Thumb Code     0  libinit2.o(.ARM.Collect$$libinit$$00000019)
    __rt_lib_init_preinit_1                  0x0000013f   Thumb Code     0  libinit2.o(.ARM.Collect$$libinit$$00000004)
    __rt_lib_init_rand_1                     0x0000013f   Thumb Code     0  libinit2.o(.ARM.Collect$$libinit$$0000000E)
    __rt_lib_init_return                     0x0000013f   Thumb Code     0  libinit2.o(.ARM.Collect$$libinit$$00000033)
    __rt_lib_init_signal_1                   0x0000013f   Thumb Code     0  libinit2.o(.ARM.Collect$$libinit$$0000001D)
    __rt_lib_init_stdio_1                    0x0000013f   Thumb Code     0  libinit2.o(.ARM.Collect$$libinit$$00000025)
    __rt_lib_init_user_alloc_1               0x0000013f   Thumb Code     0  libinit2.o(.ARM.Collect$$libinit$$0000000C)
    __rt_lib_shutdown                        0x00000141   Thumb Code     0  libshutdown.o(.ARM.Collect$$libshutdown$$00000000)
    __rt_lib_shutdown_cpp_1                  0x00000143   Thumb Code     0  libshutdown2.o(.ARM.Collect$$libshutdown$$00000002)
    __rt_lib_shutdown_fp_trap_1              0x00000143   Thumb Code     0  libshutdown2.o(.ARM.Collect$$libshutdown$$00000007)
    __rt_lib_shutdown_heap_1                 0x00000143   Thumb Code     0  libshutdown2.o(.ARM.Collect$$libshutdown$$0000000F)
    __rt_lib_shutdown_return                 0x00000143   Thumb Code     0  libshutdown2.o(.ARM.Collect$$libshutdown$$00000010)
    __rt_lib_shutdown_signal_1               0x00000143   Thumb Code     0  libshutdown2.o(.ARM.Collect$$libshutdown$$0000000A)
    __rt_lib_shutdown_stdio_1                0x00000143   Thumb Code     0  libshutdown2.o(.ARM.Collect$$libshutdown$$00000004)
    __rt_lib_shutdown_user_alloc_1           0x00000143   Thumb Code     0  libshutdown2.o(.ARM.Collect$$libshutdown$$0000000C)
    __rt_entry                               0x00000145   Thumb Code     0  __rtentry.o(.ARM.Collect$$rtentry$$00000000)
    __rt_entry_presh_1                       0x00000145   Thumb Code     0  __rtentry2.o(.ARM.Collect$$rtentry$$00000002)
    __rt_entry_sh                            0x00000145   Thumb Code     0  __rtentry4.o(.ARM.Collect$$rtentry$$00000004)
    __rt_entry_li                            0x0000014b   Thumb Code     0  __rtentry2.o(.ARM.Collect$$rtentry$$0000000A)
    __rt_entry_postsh_1                      0x0000014b   Thumb Code     0  __rtentry2.o(.ARM.Collect$$rtentry$$00000009)
    __rt_entry_main                          0x0000014f   Thumb Code     0  __rtentry2.o(.ARM.Collect$$rtentry$$0000000D)
    __rt_entry_postli_1                      0x0000014f   Thumb Code     0  __rtentry2.o(.ARM.Collect$$rtentry$$0000000C)
    __rt_exit                                0x00000157   Thumb Code     0  rtexit.o(.ARM.Collect$$rtexit$$00000000)
    __rt_exit_ls                             0x00000159   Thumb Code     0  rtexit2.o(.ARM.Collect$$rtexit$$00000003)
    __rt_exit_prels_1                        0x00000159   Thumb Code     0  rtexit2.o(.ARM.Collect$$rtexit$$00000002)
    __rt_exit_exit                           0x0000015d   Thumb Code     0  rtexit2.o(.ARM.Collect$$rtexit$$00000004)
    Reset_Handler                            0x00000165   Thumb Code     4  startup_sn32f400.o(.text)
    NMI_Handler                              0x00000169   Thumb Code     2  startup_sn32f400.o(.text)
    SVC_Handler                              0x0000016d   Thumb Code     2  startup_sn32f400.o(.text)
    PendSV_Handler                           0x0000016f   Thumb Code     2  startup_sn32f400.o(.text)
    SysTick_Handler                          0x00000171   Thumb Code     2  startup_sn32f400.o(.text)
    ADC_IRQHandler                           0x00000173   Thumb Code     0  startup_sn32f400.o(.text)
    ATAN_IRQHandler                          0x00000173   Thumb Code     0  startup_sn32f400.o(.text)
    CMP0_IRQHandler                          0x00000173   Thumb Code     0  startup_sn32f400.o(.text)
    CMP1_IRQHandler                          0x00000173   Thumb Code     0  startup_sn32f400.o(.text)
    CMP2_IRQHandler                          0x00000173   Thumb Code     0  startup_sn32f400.o(.text)
    CMP3_IRQHandler                          0x00000173   Thumb Code     0  startup_sn32f400.o(.text)
    DIV_IRQHandler                           0x00000173   Thumb Code     0  startup_sn32f400.o(.text)
    DMA_IRQHandler                           0x00000173   Thumb Code     0  startup_sn32f400.o(.text)
    FOC_IRQHandler                           0x00000173   Thumb Code     0  startup_sn32f400.o(.text)
    I2C0_IRQHandler                          0x00000173   Thumb Code     0  startup_sn32f400.o(.text)
    LVD_IRQHandler                           0x00000173   Thumb Code     0  startup_sn32f400.o(.text)
    NDT_IRQHandler                           0x00000173   Thumb Code     0  startup_sn32f400.o(.text)
    RTC_IRQHandler                           0x00000173   Thumb Code     0  startup_sn32f400.o(.text)
    SPI0_IRQHandler                          0x00000173   Thumb Code     0  startup_sn32f400.o(.text)
    SQRT_IRQHandler                          0x00000173   Thumb Code     0  startup_sn32f400.o(.text)
    UART0_IRQHandler                         0x00000173   Thumb Code     0  startup_sn32f400.o(.text)
    UART1_IRQHandler                         0x00000173   Thumb Code     0  startup_sn32f400.o(.text)
    __user_initial_stackheap                 0x00000175   Thumb Code     0  startup_sn32f400.o(.text)
    __aeabi_uidivmod                         0x00000191   Thumb Code    28  aeabi_sdivfast.o(.text)
    __aeabi_idivmod                          0x000001ad   Thumb Code   472  aeabi_sdivfast.o(.text)
    __use_two_region_memory                  0x00000389   Thumb Code     2  heapauxi.o(.text)
    __rt_heap_escrow$2region                 0x0000038b   Thumb Code     2  heapauxi.o(.text)
    __rt_heap_expand$2region                 0x0000038d   Thumb Code     2  heapauxi.o(.text)
    __user_setup_stackheap                   0x0000038f   Thumb Code    62  sys_stackheap_outer.o(.text)
    exit                                     0x000003cd   Thumb Code    16  exit.o(.text)
    __user_libspace                          0x000003dd   Thumb Code     8  libspace.o(.text)
    __user_perproc_libspace                  0x000003dd   Thumb Code     0  libspace.o(.text)
    __user_perthread_libspace                0x000003dd   Thumb Code     0  libspace.o(.text)
    _sys_exit                                0x000003e5   Thumb Code     8  sys_exit.o(.text)
    __I$use$semihosting                      0x000003f1   Thumb Code     0  use_no_semi.o(.text)
    __use_no_semihosting_swi                 0x000003f1   Thumb Code     2  use_no_semi.o(.text)
    __semihosting_library_function           0x000003f3   Thumb Code     0  indicate_semi.o(.text)
    CT16B0_IRQHandler                        0x000003f5   Thumb Code    12  ct16b0.o(.text.CT16B0_IRQHandler)
    CT16B0_Init                              0x00000401   Thumb Code    48  ct16b0.o(.text.CT16B0_Init)
    CT16B1_IRQHandler                        0x00000431   Thumb Code    64  ct16b1.o(.text.CT16B1_IRQHandler)
    CT16B1_Init                              0x00000471   Thumb Code    52  ct16b1.o(.text.CT16B1_Init)
    CT16B5_IRQHandler                        0x000004a5   Thumb Code    24  ct16b5.o(.text.CT16B5_IRQHandler)
    CT16B5_Init                              0x000004bd   Thumb Code    48  ct16b5.o(.text.CT16B5_Init)
    Digital_DisplayDEC                       0x000004ed   Thumb Code   120  segment.o(.text.Digital_DisplayDEC)
    Digital_Scan                             0x00000565   Thumb Code    88  segment.o(.text.Digital_Scan)
    GPIO_Init                                0x000005bd   Thumb Code    72  gpio.o(.text.GPIO_Init)
    HardFault_Handler                        0x00000605   Thumb Code     4  main.o(.text.HardFault_Handler)
    KeyScan                                  0x00000609   Thumb Code   188  keyscan.o(.text.KeyScan)
    P0_IRQHandler                            0x000006c5   Thumb Code    12  gpio.o(.text.P0_IRQHandler)
    P1_IRQHandler                            0x000006d1   Thumb Code    12  gpio.o(.text.P1_IRQHandler)
    P2_IRQHandler                            0x000006dd   Thumb Code    12  gpio.o(.text.P2_IRQHandler)
    P3_IRQHandler                            0x000006e9   Thumb Code    16  gpio.o(.text.P3_IRQHandler)
    PFPA_Init                                0x000006f9   Thumb Code    36  pfpa.o(.text.PFPA_Init)
    SPI0_Init                                0x0000071d   Thumb Code   108  spi0.o(.text.SPI0_Init)
    SPI0_RW                                  0x00000789   Thumb Code    24  spi0.o(.text.SPI0_RW)
    SystemCoreClockUpdate                    0x000007a1   Thumb Code   220  system_sn32f400.o(.text.SystemCoreClockUpdate)
    SystemInit                               0x0000087d   Thumb Code    48  system_sn32f400.o(.text.SystemInit)
    UT_DelayNx10us                           0x000008ad   Thumb Code    22  utility.o(.text.UT_DelayNx10us)
    WDT_IRQHandler                           0x000008c5   Thumb Code    20  wdt.o(.text.WDT_IRQHandler)
    WDT_Init                                 0x000008d9   Thumb Code    32  wdt.o(.text.WDT_Init)
    WDT_ReloadValue                          0x000008f9   Thumb Code    24  wdt.o(.text.WDT_ReloadValue)
    buzzer_bip                               0x0000093d   Thumb Code    36  buzzer.o(.text.buzzer_bip)
    buzzer_off                               0x00000961   Thumb Code    10  buzzer.o(.text.buzzer_off)
    buzzer_on                                0x0000096d   Thumb Code    28  buzzer.o(.text.buzzer_on)
    buzzer_stop                              0x00000989   Thumb Code    20  buzzer.o(.text.buzzer_stop)
    buzzer_update                            0x0000099d   Thumb Code    48  buzzer.o(.text.buzzer_update)
    check_and_activate_alarm                 0x000009cd   Thumb Code    76  main_task.o(.text.check_and_activate_alarm)
    flash_enable_write_status                0x00000a61   Thumb Code    20  sst_flash.o(.text.flash_enable_write_status)
    flash_erase_sector                       0x00000a75   Thumb Code    72  sst_flash.o(.text.flash_erase_sector)
    flash_read                               0x00000abd   Thumb Code    80  sst_flash.o(.text.flash_read)
    flash_wait_ready                         0x00000b0d   Thumb Code    60  sst_flash.o(.text.flash_wait_ready)
    flash_write                              0x00000b49   Thumb Code   100  sst_flash.o(.text.flash_write)
    flash_write_disable                      0x00000bad   Thumb Code    20  sst_flash.o(.text.flash_write_disable)
    flash_write_enable                       0x00000bc1   Thumb Code    20  sst_flash.o(.text.flash_write_enable)
    flash_write_status                       0x00000bd5   Thumb Code    32  sst_flash.o(.text.flash_write_status)
    handle_alarm_buzzer                      0x00000bf5   Thumb Code   108  main_task.o(.text.handle_alarm_buzzer)
    handle_key14_press                       0x00000c61   Thumb Code   100  hand_task.o(.text.handle_key14_press)
    handle_key1_press                        0x00000cc5   Thumb Code    84  hand_task.o(.text.handle_key1_press)
    handle_key4_press                        0x00000d19   Thumb Code   124  hand_task.o(.text.handle_key4_press)
    handle_key8_press                        0x00000d95   Thumb Code   124  hand_task.o(.text.handle_key8_press)
    init_alarm_time_if_needed                0x00000ed5   Thumb Code    60  main_task.o(.text.init_alarm_time_if_needed)
    load_alarm_time_from_flash               0x00000f61   Thumb Code    84  main_task.o(.text.load_alarm_time_from_flash)
    main                                     0x00000fb5   Thumb Code    96  main.o(.text.main)
    main_task_init                           0x00001015   Thumb Code    24  main_task.o(.text.main_task_init)
    main_task_run                            0x0000102d   Thumb Code   100  main_task.o(.text.main_task_run)
    save_alarm_time_to_flash                 0x00001091   Thumb Code    84  main_task.o(.text.save_alarm_time_to_flash)
    __aeabi_uidiv                            0x000011bd   Thumb Code    68  aeabi_sdivfast.o(.text_divfast)
    __aeabi_idiv                             0x00001201   Thumb Code   434  aeabi_sdivfast.o(.text_divfast)
    SEGMENT_TABLE                            0x000013b2   Data          17  segment.o(.rodata.SEGMENT_TABLE)
    Region$$Table$$Base                      0x000013c4   Number         0  anon$$obj.o(Region$$Table)
    Region$$Table$$Limit                     0x000013e4   Number         0  anon$$obj.o(Region$$Table)
    alarm_enable_flag                        0x20000000   Data           1  main_task.o(.data.alarm_enable_flag)
    hours                                    0x20000001   Data           1  main_task.o(.data.hours)
    minutes                                  0x20000002   Data           1  main_task.o(.data.minutes)
    seconds                                  0x20000004   Data           2  main_task.o(.data.seconds)
    segment_display_on                       0x20000006   Data           1  main_task.o(.data.segment_display_on)
    __libspace_start                         0x20000008   Data          96  libspace.o(.bss)
    SystemCoreClock                          0x20000068   Data           4  system_sn32f400.o(.bss.SystemCoreClock)
    __temporary_stack_top$libspace           0x20000068   Data           0  libspace.o(.bss)
    alarm_time_changed                       0x20000074   Data           1  main_task.o(.bss.alarm_time_changed)
    arm_hours                                0x20000075   Data           1  main_task.o(.bss.arm_hours)
    arm_minutes                              0x20000076   Data           1  main_task.o(.bss.arm_minutes)
    arm_seconds                              0x20000077   Data           1  main_task.o(.bss.arm_seconds)
    blink_led0_active                        0x2000007e   Data           1  main_task.o(.bss.blink_led0_active)
    com_scan                                 0x2000007f   Data           1  segment.o(.bss.com_scan)
    key14_count                              0x20000080   Data           1  main_task.o(.bss.key14_count)
    key14_pressed                            0x20000081   Data           1  main_task.o(.bss.key14_pressed)
    key1_count                               0x20000082   Data           1  main_task.o(.bss.key1_count)
    key1_pressed                             0x20000083   Data           1  main_task.o(.bss.key1_pressed)
    key_check                                0x20000084   Data           1  keyscan.o(.bss.key_check)
    key_cvt                                  0x20000085   Data           1  keyscan.o(.bss.key_cvt)
    key_debounce                             0x20000086   Data           1  keyscan.o(.bss.key_debounce)
    key_timeout_counter                      0x20000088   Data           2  main_task.o(.bss.key_timeout_counter)
    led_state                                0x2000008a   Data           2  main_task.o(.bss.led_state)
    read_key                                 0x2000008e   Data           2  main_task.o(.bss.read_key)
    segment_blink_timer                      0x20000090   Data           2  main_task.o(.bss.segment_blink_timer)
    segment_buff                             0x20000094   Data           4  segment.o(.bss.segment_buff)
    timer_1ms_flag                           0x20000098   Data           1  ct16b1.o(.bss.timer_1ms_flag)
    timer_1s_flag                            0x20000099   Data           1  ct16b1.o(.bss.timer_1s_flag)
    timer_repeat                             0x2000009a   Data           2  ct16b1.o(.bss.timer_repeat)



==============================================================================

Memory Map of the image

  Image Entry point : 0x000000c1

  Load Region LR_IROM1 (Base: 0x00000000, Size: 0x000013f0, Max: 0x00007ffc, ABSOLUTE)

    Execution Region ER_IROM1 (Exec base: 0x00000000, Load base: 0x00000000, Size: 0x000013e4, Max: 0x00007ffc, ABSOLUTE)

    Exec Addr    Load Addr    Size         Type   Attr      Idx    E Section Name        Object

    0x00000000   0x00000000   0x000000c0   Data   RO          322    RESET               startup_sn32f400.o
    0x000000c0   0x000000c0   0x00000008   Code   RO          357  * !!!main             c_p.l(__main.o)
    0x000000c8   0x000000c8   0x0000003c   Code   RO          532    !!!scatter          c_p.l(__scatter.o)
    0x00000104   0x00000104   0x0000001a   Code   RO          534    !!handler_copy      c_p.l(__scatter_copy.o)
    0x0000011e   0x0000011e   0x00000002   PAD
    0x00000120   0x00000120   0x0000001c   Code   RO          536    !!handler_zi        c_p.l(__scatter_zi.o)
    0x0000013c   0x0000013c   0x00000002   Code   RO          395    .ARM.Collect$$libinit$$00000000  c_p.l(libinit.o)
    0x0000013e   0x0000013e   0x00000000   Code   RO          409    .ARM.Collect$$libinit$$00000002  c_p.l(libinit2.o)
    0x0000013e   0x0000013e   0x00000000   Code   RO          411    .ARM.Collect$$libinit$$00000004  c_p.l(libinit2.o)
    0x0000013e   0x0000013e   0x00000000   Code   RO          414    .ARM.Collect$$libinit$$0000000A  c_p.l(libinit2.o)
    0x0000013e   0x0000013e   0x00000000   Code   RO          416    .ARM.Collect$$libinit$$0000000C  c_p.l(libinit2.o)
    0x0000013e   0x0000013e   0x00000000   Code   RO          418    .ARM.Collect$$libinit$$0000000E  c_p.l(libinit2.o)
    0x0000013e   0x0000013e   0x00000000   Code   RO          421    .ARM.Collect$$libinit$$00000011  c_p.l(libinit2.o)
    0x0000013e   0x0000013e   0x00000000   Code   RO          423    .ARM.Collect$$libinit$$00000013  c_p.l(libinit2.o)
    0x0000013e   0x0000013e   0x00000000   Code   RO          425    .ARM.Collect$$libinit$$00000015  c_p.l(libinit2.o)
    0x0000013e   0x0000013e   0x00000000   Code   RO          427    .ARM.Collect$$libinit$$00000017  c_p.l(libinit2.o)
    0x0000013e   0x0000013e   0x00000000   Code   RO          429    .ARM.Collect$$libinit$$00000019  c_p.l(libinit2.o)
    0x0000013e   0x0000013e   0x00000000   Code   RO          431    .ARM.Collect$$libinit$$0000001B  c_p.l(libinit2.o)
    0x0000013e   0x0000013e   0x00000000   Code   RO          433    .ARM.Collect$$libinit$$0000001D  c_p.l(libinit2.o)
    0x0000013e   0x0000013e   0x00000000   Code   RO          435    .ARM.Collect$$libinit$$0000001F  c_p.l(libinit2.o)
    0x0000013e   0x0000013e   0x00000000   Code   RO          437    .ARM.Collect$$libinit$$00000021  c_p.l(libinit2.o)
    0x0000013e   0x0000013e   0x00000000   Code   RO          439    .ARM.Collect$$libinit$$00000023  c_p.l(libinit2.o)
    0x0000013e   0x0000013e   0x00000000   Code   RO          441    .ARM.Collect$$libinit$$00000025  c_p.l(libinit2.o)
    0x0000013e   0x0000013e   0x00000000   Code   RO          445    .ARM.Collect$$libinit$$0000002C  c_p.l(libinit2.o)
    0x0000013e   0x0000013e   0x00000000   Code   RO          447    .ARM.Collect$$libinit$$0000002E  c_p.l(libinit2.o)
    0x0000013e   0x0000013e   0x00000000   Code   RO          449    .ARM.Collect$$libinit$$00000030  c_p.l(libinit2.o)
    0x0000013e   0x0000013e   0x00000000   Code   RO          451    .ARM.Collect$$libinit$$00000032  c_p.l(libinit2.o)
    0x0000013e   0x0000013e   0x00000002   Code   RO          452    .ARM.Collect$$libinit$$00000033  c_p.l(libinit2.o)
    0x00000140   0x00000140   0x00000002   Code   RO          487    .ARM.Collect$$libshutdown$$00000000  c_p.l(libshutdown.o)
    0x00000142   0x00000142   0x00000000   Code   RO          515    .ARM.Collect$$libshutdown$$00000002  c_p.l(libshutdown2.o)
    0x00000142   0x00000142   0x00000000   Code   RO          517    .ARM.Collect$$libshutdown$$00000004  c_p.l(libshutdown2.o)
    0x00000142   0x00000142   0x00000000   Code   RO          520    .ARM.Collect$$libshutdown$$00000007  c_p.l(libshutdown2.o)
    0x00000142   0x00000142   0x00000000   Code   RO          523    .ARM.Collect$$libshutdown$$0000000A  c_p.l(libshutdown2.o)
    0x00000142   0x00000142   0x00000000   Code   RO          525    .ARM.Collect$$libshutdown$$0000000C  c_p.l(libshutdown2.o)
    0x00000142   0x00000142   0x00000000   Code   RO          528    .ARM.Collect$$libshutdown$$0000000F  c_p.l(libshutdown2.o)
    0x00000142   0x00000142   0x00000002   Code   RO          529    .ARM.Collect$$libshutdown$$00000010  c_p.l(libshutdown2.o)
    0x00000144   0x00000144   0x00000000   Code   RO          359    .ARM.Collect$$rtentry$$00000000  c_p.l(__rtentry.o)
    0x00000144   0x00000144   0x00000000   Code   RO          365    .ARM.Collect$$rtentry$$00000002  c_p.l(__rtentry2.o)
    0x00000144   0x00000144   0x00000006   Code   RO          377    .ARM.Collect$$rtentry$$00000004  c_p.l(__rtentry4.o)
    0x0000014a   0x0000014a   0x00000000   Code   RO          367    .ARM.Collect$$rtentry$$00000009  c_p.l(__rtentry2.o)
    0x0000014a   0x0000014a   0x00000004   Code   RO          368    .ARM.Collect$$rtentry$$0000000A  c_p.l(__rtentry2.o)
    0x0000014e   0x0000014e   0x00000000   Code   RO          370    .ARM.Collect$$rtentry$$0000000C  c_p.l(__rtentry2.o)
    0x0000014e   0x0000014e   0x00000008   Code   RO          371    .ARM.Collect$$rtentry$$0000000D  c_p.l(__rtentry2.o)
    0x00000156   0x00000156   0x00000002   Code   RO          400    .ARM.Collect$$rtexit$$00000000  c_p.l(rtexit.o)
    0x00000158   0x00000158   0x00000000   Code   RO          458    .ARM.Collect$$rtexit$$00000002  c_p.l(rtexit2.o)
    0x00000158   0x00000158   0x00000004   Code   RO          459    .ARM.Collect$$rtexit$$00000003  c_p.l(rtexit2.o)
    0x0000015c   0x0000015c   0x00000006   Code   RO          460    .ARM.Collect$$rtexit$$00000004  c_p.l(rtexit2.o)
    0x00000162   0x00000162   0x00000002   PAD
    0x00000164   0x00000164   0x0000002c   Code   RO          324    .text               startup_sn32f400.o
    0x00000190   0x00000190   0x000001f8   Code   RO          347    .text               c_p.l(aeabi_sdivfast.o)
    0x00000388   0x00000388   0x00000006   Code   RO          355    .text               c_p.l(heapauxi.o)
    0x0000038e   0x0000038e   0x0000003e   Code   RO          381    .text               c_p.l(sys_stackheap_outer.o)
    0x000003cc   0x000003cc   0x00000010   Code   RO          384    .text               c_p.l(exit.o)
    0x000003dc   0x000003dc   0x00000008   Code   RO          396    .text               c_p.l(libspace.o)
    0x000003e4   0x000003e4   0x0000000c   Code   RO          453    .text               c_p.l(sys_exit.o)
    0x000003f0   0x000003f0   0x00000002   Code   RO          476    .text               c_p.l(use_no_semi.o)
    0x000003f2   0x000003f2   0x00000000   Code   RO          478    .text               c_p.l(indicate_semi.o)
    0x000003f2   0x000003f2   0x00000002   PAD
    0x000003f4   0x000003f4   0x0000000c   Code   RO           61    .text.CT16B0_IRQHandler  ct16b0.o
    0x00000400   0x00000400   0x00000030   Code   RO           63    .text.CT16B0_Init   ct16b0.o
    0x00000430   0x00000430   0x00000040   Code   RO           83    .text.CT16B1_IRQHandler  ct16b1.o
    0x00000470   0x00000470   0x00000034   Code   RO           85    .text.CT16B1_Init   ct16b1.o
    0x000004a4   0x000004a4   0x00000018   Code   RO          120    .text.CT16B5_IRQHandler  ct16b5.o
    0x000004bc   0x000004bc   0x00000030   Code   RO          122    .text.CT16B5_Init   ct16b5.o
    0x000004ec   0x000004ec   0x00000078   Code   RO          206    .text.Digital_DisplayDEC  segment.o
    0x00000564   0x00000564   0x00000058   Code   RO          210    .text.Digital_Scan  segment.o
    0x000005bc   0x000005bc   0x00000048   Code   RO           18    .text.GPIO_Init     gpio.o
    0x00000604   0x00000604   0x00000004   Code   RO            6    .text.HardFault_Handler  main.o
    0x00000608   0x00000608   0x000000bc   Code   RO          194    .text.KeyScan       keyscan.o
    0x000006c4   0x000006c4   0x0000000c   Code   RO           20    .text.P0_IRQHandler  gpio.o
    0x000006d0   0x000006d0   0x0000000c   Code   RO           22    .text.P1_IRQHandler  gpio.o
    0x000006dc   0x000006dc   0x0000000c   Code   RO           24    .text.P2_IRQHandler  gpio.o
    0x000006e8   0x000006e8   0x00000010   Code   RO           26    .text.P3_IRQHandler  gpio.o
    0x000006f8   0x000006f8   0x00000024   Code   RO          162    .text.PFPA_Init     pfpa.o
    0x0000071c   0x0000071c   0x0000006c   Code   RO          144    .text.SPI0_Init     spi0.o
    0x00000788   0x00000788   0x00000018   Code   RO          152    .text.SPI0_RW       spi0.o
    0x000007a0   0x000007a0   0x000000dc   Code   RO          333    .text.SystemCoreClockUpdate  system_sn32f400.o
    0x0000087c   0x0000087c   0x00000030   Code   RO          335    .text.SystemInit    system_sn32f400.o
    0x000008ac   0x000008ac   0x00000016   Code   RO          108    .text.UT_DelayNx10us  utility.o
    0x000008c2   0x000008c2   0x00000002   PAD
    0x000008c4   0x000008c4   0x00000014   Code   RO           35    .text.WDT_IRQHandler  wdt.o
    0x000008d8   0x000008d8   0x00000020   Code   RO           37    .text.WDT_Init      wdt.o
    0x000008f8   0x000008f8   0x00000018   Code   RO           39    .text.WDT_ReloadValue  wdt.o
    0x00000910   0x00000910   0x00000010   Code   RO           87    .text.__NVIC_EnableIRQ  ct16b1.o
    0x00000920   0x00000920   0x0000001c   Code   RO            8    .text.__NVIC_SystemReset  main.o
    0x0000093c   0x0000093c   0x00000024   Code   RO          172    .text.buzzer_bip    buzzer.o
    0x00000960   0x00000960   0x0000000a   Code   RO          180    .text.buzzer_off    buzzer.o
    0x0000096a   0x0000096a   0x00000002   PAD
    0x0000096c   0x0000096c   0x0000001c   Code   RO          178    .text.buzzer_on     buzzer.o
    0x00000988   0x00000988   0x00000014   Code   RO          174    .text.buzzer_stop   buzzer.o
    0x0000099c   0x0000099c   0x00000030   Code   RO          176    .text.buzzer_update  buzzer.o
    0x000009cc   0x000009cc   0x0000004c   Code   RO          257    .text.check_and_activate_alarm  main_task.o
    0x00000a18   0x00000a18   0x00000048   Code   RO          263    .text.clock_update  main_task.o
    0x00000a60   0x00000a60   0x00000014   Code   RO          223    .text.flash_enable_write_status  sst_flash.o
    0x00000a74   0x00000a74   0x00000048   Code   RO          235    .text.flash_erase_sector  sst_flash.o
    0x00000abc   0x00000abc   0x00000050   Code   RO          239    .text.flash_read    sst_flash.o
    0x00000b0c   0x00000b0c   0x0000003c   Code   RO          231    .text.flash_wait_ready  sst_flash.o
    0x00000b48   0x00000b48   0x00000064   Code   RO          237    .text.flash_write   sst_flash.o
    0x00000bac   0x00000bac   0x00000014   Code   RO          229    .text.flash_write_disable  sst_flash.o
    0x00000bc0   0x00000bc0   0x00000014   Code   RO          227    .text.flash_write_enable  sst_flash.o
    0x00000bd4   0x00000bd4   0x00000020   Code   RO          225    .text.flash_write_status  sst_flash.o
    0x00000bf4   0x00000bf4   0x0000006c   Code   RO          255    .text.handle_alarm_buzzer  main_task.o
    0x00000c60   0x00000c60   0x00000064   Code   RO          312    .text.handle_key14_press  hand_task.o
    0x00000cc4   0x00000cc4   0x00000054   Code   RO          306    .text.handle_key1_press  hand_task.o
    0x00000d18   0x00000d18   0x0000007c   Code   RO          308    .text.handle_key4_press  hand_task.o
    0x00000d94   0x00000d94   0x0000007c   Code   RO          310    .text.handle_key8_press  hand_task.o
    0x00000e10   0x00000e10   0x0000003c   Code   RO          271    .text.handle_led_blinking  main_task.o
    0x00000e4c   0x00000e4c   0x00000088   Code   RO          269    .text.handle_timeout  main_task.o
    0x00000ed4   0x00000ed4   0x0000003c   Code   RO          253    .text.init_alarm_time_if_needed  main_task.o
    0x00000f10   0x00000f10   0x00000050   Code   RO          273    .text.key_SW        main_task.o
    0x00000f60   0x00000f60   0x00000054   Code   RO          251    .text.load_alarm_time_from_flash  main_task.o
    0x00000fb4   0x00000fb4   0x00000060   Code   RO            2    .text.main          main.o
    0x00001014   0x00001014   0x00000018   Code   RO          259    .text.main_task_init  main_task.o
    0x0000102c   0x0000102c   0x00000064   Code   RO          261    .text.main_task_run  main_task.o
    0x00001090   0x00001090   0x00000054   Code   RO          249    .text.save_alarm_time_to_flash  main_task.o
    0x000010e4   0x000010e4   0x00000048   Code   RO          265    .text.segment_blink  main_task.o
    0x0000112c   0x0000112c   0x00000090   Code   RO          267    .text.update_display_logic  main_task.o
    0x000011bc   0x000011bc   0x000001f6   Code   RO          348    .text_divfast       c_p.l(aeabi_sdivfast.o)
    0x000013b2   0x000013b2   0x00000011   Data   RO          212    .rodata.SEGMENT_TABLE  segment.o
    0x000013c3   0x000013c3   0x00000001   PAD
    0x000013c4   0x000013c4   0x00000020   Data   RO          531    Region$$Table       anon$$obj.o


    Execution Region RW_IRAM1 (Exec base: 0x20000000, Load base: 0x000013e8, Size: 0x000002a0, Max: 0x00002000, ABSOLUTE)

    Exec Addr    Load Addr    Size         Type   Attr      Idx    E Section Name        Object

    0x20000000   0x000013e8   0x00000001   Data   RW          291    .data.alarm_enable_flag  main_task.o
    0x20000001   0x000013e9   0x00000001   Data   RW          275    .data.hours         main_task.o
    0x20000002   0x000013ea   0x00000001   Data   RW          276    .data.minutes       main_task.o
    0x20000003   0x000013eb   0x00000001   PAD
    0x20000004   0x000013ec   0x00000002   Data   RW          277    .data.seconds       main_task.o
    0x20000006   0x000013ee   0x00000001   Data   RW          289    .data.segment_display_on  main_task.o
    0x20000007   0x000013ef   0x00000001   PAD
    0x20000008        -       0x00000060   Zero   RW          397    .bss                c_p.l(libspace.o)
    0x20000068        -       0x00000004   Zero   RW          337    .bss.SystemCoreClock  system_sn32f400.o
    0x2000006c        -       0x00000001   Zero   RW          292    .bss.alarm_active   main_task.o
    0x2000006d   0x000013ef   0x00000001   PAD
    0x2000006e        -       0x00000002   Zero   RW          294    .bss.alarm_blink_counter  main_task.o
    0x20000070        -       0x00000001   Zero   RW          295    .bss.alarm_buzzer_state  main_task.o
    0x20000071   0x000013ef   0x00000001   PAD
    0x20000072        -       0x00000002   Zero   RW          293    .bss.alarm_tick_ms  main_task.o
    0x20000074        -       0x00000001   Zero   RW          290    .bss.alarm_time_changed  main_task.o
    0x20000075        -       0x00000001   Zero   RW          278    .bss.arm_hours      main_task.o
    0x20000076        -       0x00000001   Zero   RW          279    .bss.arm_minutes    main_task.o
    0x20000077        -       0x00000001   Zero   RW          280    .bss.arm_seconds    main_task.o
    0x20000078        -       0x00000001   Zero   RW          184    .bss.beep_active    buzzer.o
    0x20000079   0x000013ef   0x00000001   PAD
    0x2000007a        -       0x00000002   Zero   RW          185    .bss.beep_duration_ms  buzzer.o
    0x2000007c        -       0x00000002   Zero   RW          183    .bss.beep_timer     buzzer.o
    0x2000007e        -       0x00000001   Zero   RW          287    .bss.blink_led0_active  main_task.o
    0x2000007f        -       0x00000001   Zero   RW          213    .bss.com_scan       segment.o
    0x20000080        -       0x00000001   Zero   RW          282    .bss.key14_count    main_task.o
    0x20000081        -       0x00000001   Zero   RW          285    .bss.key14_pressed  main_task.o
    0x20000082        -       0x00000001   Zero   RW          281    .bss.key1_count     main_task.o
    0x20000083        -       0x00000001   Zero   RW          284    .bss.key1_pressed   main_task.o
    0x20000084        -       0x00000001   Zero   RW          196    .bss.key_check      keyscan.o
    0x20000085        -       0x00000001   Zero   RW          197    .bss.key_cvt        keyscan.o
    0x20000086        -       0x00000001   Zero   RW          198    .bss.key_debounce   keyscan.o
    0x20000087   0x000013ef   0x00000001   PAD
    0x20000088        -       0x00000002   Zero   RW          283    .bss.key_timeout_counter  main_task.o
    0x2000008a        -       0x00000002   Zero   RW          286    .bss.led_state      main_task.o
    0x2000008c        -       0x00000002   Zero   RW          297    .bss.ms_count.0     main_task.o
    0x2000008e        -       0x00000002   Zero   RW          296    .bss.read_key       main_task.o
    0x20000090        -       0x00000002   Zero   RW          288    .bss.segment_blink_timer  main_task.o
    0x20000092   0x000013ef   0x00000002   PAD
    0x20000094        -       0x00000004   Zero   RW          214    .bss.segment_buff   segment.o
    0x20000098        -       0x00000001   Zero   RW           99    .bss.timer_1ms_flag  ct16b1.o
    0x20000099        -       0x00000001   Zero   RW           98    .bss.timer_1s_flag  ct16b1.o
    0x2000009a        -       0x00000002   Zero   RW           97    .bss.timer_repeat   ct16b1.o
    0x2000009c   0x000013ef   0x00000004   PAD
    0x200000a0        -       0x00000000   Zero   RW          321    HEAP                startup_sn32f400.o
    0x200000a0        -       0x00000200   Zero   RW          320    STACK               startup_sn32f400.o



  Load Region LR$$.ARM.__at_0x00007FFC (Base: 0x00007ffc, Size: 0x00000004, Max: 0x00000004, ABSOLUTE)

    Execution Region ER$$.ARM.__at_0x00007FFC (Exec base: 0x00007ffc, Load base: 0x00007ffc, Size: 0x00000004, Max: 0x00000004, ABSOLUTE, UNINIT)

    Exec Addr    Load Addr    Size         Type   Attr      Idx    E Section Name        Object

    0x00007ffc   0x00007ffc   0x00000004   Code   RO          323    .ARM.__at_0x00007FFC  startup_sn32f400.o


==============================================================================

Image component sizes


      Code (inc. data)   RO Data    RW Data    ZI Data      Debug   Object Name

       142         20          0          0          5       5523   buzzer.o
        60          8          0          0          0       7644   ct16b0.o
       132         28          0          0          4       7215   ct16b1.o
        72         12          0          0          0       7076   ct16b5.o
       124         28          0          0          0      12247   gpio.o
       432         16          0          0          0       4918   hand_task.o
       188         28          0          0          3       7452   keyscan.o
       128         24          0          0          0       4816   main.o
      1100        184          0          6         25       7638   main_task.o
        36          8          0          0          0       1988   pfpa.o
       208         44         17          0          5       7483   segment.o
       132         12          0          0          0       4768   spi0.o
       404         12          0          0          0       6605   sst_flash.o
        48         22        192          0        512        800   startup_sn32f400.o
       268         74          0          0          4       3677   system_sn32f400.o
        22          0          0          0          0       1320   utility.o
        76         12          0          0          0       3281   wdt.o

    ----------------------------------------------------------------------
      3576        532        242          8        568      94451   Object Totals
         0          0         32          0          0          0   (incl. Generated)
         4          0          1          2         10          0   (incl. Padding)

    ----------------------------------------------------------------------

      Code (inc. data)   RO Data    RW Data    ZI Data      Debug   Library Member Name

         8          0          0          0          0         68   __main.o
         0          0          0          0          0          0   __rtentry.o
        12          0          0          0          0          0   __rtentry2.o
         6          0          0          0          0          0   __rtentry4.o
        60          8          0          0          0          0   __scatter.o
        26          0          0          0          0          0   __scatter_copy.o
        28          0          0          0          0          0   __scatter_zi.o
      1006          4          0          0          0        184   aeabi_sdivfast.o
        16          0          0          0          0         68   exit.o
         6          0          0          0          0        136   heapauxi.o
         0          0          0          0          0          0   indicate_semi.o
         2          0          0          0          0          0   libinit.o
         2          0          0          0          0          0   libinit2.o
         2          0          0          0          0          0   libshutdown.o
         2          0          0          0          0          0   libshutdown2.o
         8          4          0          0         96         68   libspace.o
         2          0          0          0          0          0   rtexit.o
        10          0          0          0          0          0   rtexit2.o
        12          4          0          0          0         60   sys_exit.o
        62          0          0          0          0         80   sys_stackheap_outer.o
         2          0          0          0          0         68   use_no_semi.o

    ----------------------------------------------------------------------
      1278         20          0          0         96        732   Library Totals
         6          0          0          0          0          0   (incl. Padding)

    ----------------------------------------------------------------------

      Code (inc. data)   RO Data    RW Data    ZI Data      Debug   Library Name

      1272         20          0          0         96        732   c_p.l

    ----------------------------------------------------------------------
      1278         20          0          0         96        732   Library Totals

    ----------------------------------------------------------------------

==============================================================================


      Code (inc. data)   RO Data    RW Data    ZI Data      Debug   

      4854        552        242          8        664      94687   Grand Totals
      4854        552        242          8        664      94687   ELF Image Totals
      4854        552        242          8          0          0   ROM Totals

==============================================================================

    Total RO  Size (Code + RO Data)                 5096 (   4.98kB)
    Total RW  Size (RW Data + ZI Data)               672 (   0.66kB)
    Total ROM Size (Code + RO Data + RW Data)       5104 (   4.98kB)

==============================================================================

